 System.Data.SQLite

 Timestamp is 510fbd8e (Mon Feb 04 14:54:22 2013)

 Preferred load address is 10000000

 Start         Length     Name                   Class
 0001:00000000 00098e04H .text                   CODE
 0002:00000000 00000214H .idata$5                DATA
 0002:00000214 00000004H .CRT$XCA                DATA
 0002:00000218 00000004H .CRT$XCZ                DATA
 0002:0000021c 00000004H .CRT$XIA                DATA
 0002:00000220 00000004H .CRT$XIAA               DATA
 0002:00000224 00000004H .CRT$XIC                DATA
 0002:00000228 00000004H .CRT$XIZ                DATA
 0002:00000230 00029a68H .rdata                  DATA
 0002:00029c98 00000070H .rdata$debug            DATA
 0002:00029d10 00000004H .rdata$sxdata           DATA
 0002:00029d14 00000004H .rtc$IAA                DATA
 0002:00029d18 00000004H .rtc$IZZ                DATA
 0002:00029d1c 00000004H .rtc$TAA                DATA
 0002:00029d20 00000004H .rtc$TZZ                DATA
 0002:00029d28 00000084H .xdata$x                DATA
 0002:00029dac 00000050H .idata$2                DATA
 0002:00029dfc 00000014H .idata$3                DATA
 0002:00029e10 00000214H .idata$4                DATA
 0002:0002a024 0000085eH .idata$6                DATA
 0002:0002a890 0000204aH .edata                  DATA
 0003:00000000 00000ee0H .data                   DATA
 0003:00000ee0 00001764H .bss                    DATA
 0004:00000000 00000058H .rsrc$01                DATA
 0004:00000060 00000520H .rsrc$02                DATA

  Address         Publics by Value              Rva+Base       Lib:Object

 0000:00000000       __except_list              00000000     <absolute>
 0000:00000001       ___safe_se_handler_count   00000001     <absolute>
 0000:00009876       __fltused                  00009876     <absolute>
 0000:00009876       __ldused                   00009876     <absolute>
 0000:00000000       ___ImageBase               10000000     <linker-defined>
 0001:00000000       _GetFullPathNameW@16       10001000 f   kernel32:KERNEL32.dll
 0001:00000006       _GetFullPathNameA@16       10001006 f   kernel32:KERNEL32.dll
 0001:0000000c       _HeapReAlloc@16            1000100c f   kernel32:KERNEL32.dll
 0001:00000012       _CreateFileA@28            10001012 f   kernel32:KERNEL32.dll
 0001:00000018       _GetFileSize@8             10001018 f   kernel32:KERNEL32.dll
 0001:0000001e       _CreateMutexW@12           1000101e f   kernel32:KERNEL32.dll
 0001:00000024       _SetFilePointer@16         10001024 f   kernel32:KERNEL32.dll
 0001:0000002a       _MapViewOfFile@20          1000102a f   kernel32:KERNEL32.dll
 0001:00000030       _UnmapViewOfFile@4         10001030 f   kernel32:KERNEL32.dll
 0001:00000036       _SetEndOfFile@4            10001036 f   kernel32:KERNEL32.dll
 0001:0000003c       _FreeLibrary@4             1000103c f   kernel32:KERNEL32.dll
 0001:00000042       _HeapAlloc@12              10001042 f   kernel32:KERNEL32.dll
 0001:00000048       _SystemTimeToFileTime@8    10001048 f   kernel32:KERNEL32.dll
 0001:0000004e       _QueryPerformanceCounter@4 1000104e f   kernel32:KERNEL32.dll
 0001:00000054       _HeapFree@12               10001054 f   kernel32:KERNEL32.dll
 0001:0000005a       _WaitForSingleObject@8     1000105a f   kernel32:KERNEL32.dll
 0001:00000060       _UnlockFile@20             10001060 f   kernel32:KERNEL32.dll
 0001:00000066       _LockFile@20               10001066 f   kernel32:KERNEL32.dll
 0001:0000006c       _OutputDebugStringW@4      1000106c f   kernel32:KERNEL32.dll
 0001:00000072       _GetTickCount@0            10001072 f   kernel32:KERNEL32.dll
 0001:00000078       _UnlockFileEx@20           10001078 f   kernel32:KERNEL32.dll
 0001:0000007e       _GetProcessHeap@0          1000107e f   kernel32:KERNEL32.dll
 0001:00000084       _GetSystemTimeAsFileTime@4 10001084 f   kernel32:KERNEL32.dll
 0001:0000008a       _FormatMessageA@28         1000108a f   kernel32:KERNEL32.dll
 0001:00000090       _WriteFile@20              10001090 f   kernel32:KERNEL32.dll
 0001:00000096       _WideCharToMultiByte@32    10001096 f   kernel32:KERNEL32.dll
 0001:0000009c       _LoadLibraryW@4            1000109c f   kernel32:KERNEL32.dll
 0001:000000a2       _Sleep@4                   100010a2 f   kernel32:KERNEL32.dll
 0001:000000a8       _FormatMessageW@28         100010a8 f   kernel32:KERNEL32.dll
 0001:000000ae       _HeapDestroy@4             100010ae f   kernel32:KERNEL32.dll
 0001:000000b4       _GetFileAttributesA@4      100010b4 f   kernel32:KERNEL32.dll
 0001:000000ba       _HeapCreate@12             100010ba f   kernel32:KERNEL32.dll
 0001:000000c0       _HeapValidate@12           100010c0 f   kernel32:KERNEL32.dll
 0001:000000c6       _GetFileAttributesW@4      100010c6 f   kernel32:KERNEL32.dll
 0001:000000cc       _ReadFile@20               100010cc f   kernel32:KERNEL32.dll
 0001:000000d2       _CreateFileW@28            100010d2 f   kernel32:KERNEL32.dll
 0001:000000d8       _MultiByteToWideChar@24    100010d8 f   kernel32:KERNEL32.dll
 0001:000000de       _FlushFileBuffers@4        100010de f   kernel32:KERNEL32.dll
 0001:000000e4       _GetTempPathW@8            100010e4 f   kernel32:KERNEL32.dll
 0001:000000ea       _GetLastError@0            100010ea f   kernel32:KERNEL32.dll
 0001:000000f0       _GetProcAddress@8          100010f0 f   kernel32:KERNEL32.dll
 0001:000000f6       _HeapSize@12               100010f6 f   kernel32:KERNEL32.dll
 0001:000000fc       _LockFileEx@24             100010fc f   kernel32:KERNEL32.dll
 0001:00000102       _GetDiskFreeSpaceW@20      10001102 f   kernel32:KERNEL32.dll
 0001:00000108       _LoadLibraryA@4            10001108 f   kernel32:KERNEL32.dll
 0001:0000010e       _CreateFileMappingW@24     1000110e f   kernel32:KERNEL32.dll
 0001:00000114       _GetDiskFreeSpaceA@20      10001114 f   kernel32:KERNEL32.dll
 0001:0000011a       _GetSystemInfo@4           1000111a f   kernel32:KERNEL32.dll
 0001:00000120       _GetFileAttributesExW@12   10001120 f   kernel32:KERNEL32.dll
 0001:00000126       _OutputDebugStringA@4      10001126 f   kernel32:KERNEL32.dll
 0001:0000012c       _GetVersionExA@4           1000112c f   kernel32:KERNEL32.dll
 0001:00000132       _CloseHandle@4             10001132 f   kernel32:KERNEL32.dll
 0001:00000138       _DeleteFileW@4             10001138 f   kernel32:KERNEL32.dll
 0001:0000013e       _GetCurrentProcessId@0     1000113e f   kernel32:KERNEL32.dll
 0001:00000144       _GetTempPathA@8            10001144 f   kernel32:KERNEL32.dll
 0001:0000014a       _LocalFree@4               1000114a f   kernel32:KERNEL32.dll
 0001:00000150       _GetSystemTime@4           10001150 f   kernel32:KERNEL32.dll
 0001:00000156       _AreFileApisANSI@0         10001156 f   kernel32:KERNEL32.dll
 0001:0000015c       _DeleteFileA@4             1000115c f   kernel32:KERNEL32.dll
 0001:00000162       @__security_check_cookie@4 10001162 f   MSVCRT:secchk.obj
 0001:000001c0       __CRT_INIT@12              100011c0 f   MSVCRT:crtdll.obj
 0001:000004fc       __DllMainCRTStartup@12     100014fc f   MSVCRT:crtdll.obj
 0001:0000051f       ___report_gsfailure        1000151f f   MSVCRT:gs_report.obj
 0001:00000625       ___clean_type_info_names   10001625 f   MSVCRT:tncleanup.obj
 0001:00000631       __onexit                   10001631 f   MSVCRT:atonexit.obj
 0001:000006d6       _atexit                    100016d6 f   MSVCRT:atonexit.obj
 0001:000006ed       __RTC_Initialize           100016ed f   MSVCRT:_initsect_.obj
 0001:00000713       __RTC_Terminate            10001713 f   MSVCRT:_initsect_.obj
 0001:00000740       __ValidateImageBase        10001740 f   MSVCRT:pesect.obj
 0001:00000780       __FindPESection            10001780 f   MSVCRT:pesect.obj
 0001:000007d0       __IsNonwritableInCurrentImage 100017d0 f   MSVCRT:pesect.obj
 0001:0000088e       __initterm                 1000188e f   MSVCRT:MSVCR90.dll
 0001:00000894       __initterm_e               10001894 f   MSVCRT:MSVCR90.dll
 0001:0000089a       __amsg_exit                1000189a f   MSVCRT:MSVCR90.dll
 0001:000008a0       ___CppXcptFilter           100018a0 f   MSVCRT:MSVCR90.dll
 0001:000008a6       _DllMain@12                100018a6 f   MSVCRT:dllmain.obj
 0001:000008cc       __SEH_prolog4              100018cc f   MSVCRT:sehprolg4.obj
 0001:00000911       __SEH_epilog4              10001911 f   MSVCRT:sehprolg4.obj
 0001:00000925       __except_handler4          10001925 f   MSVCRT:chandler4gs.obj
 0001:0000094a       ___security_init_cookie    1000194a f   MSVCRT:gs_support.obj
 0001:000009e0       __crt_debugger_hook        100019e0 f   MSVCRT:MSVCR90.dll
 0001:000009e6       ___clean_type_info_names_internal 100019e6 f   MSVCRT:MSVCR90.dll
 0001:000009ec       __unlock                   100019ec f   MSVCRT:MSVCR90.dll
 0001:000009f2       ___dllonexit               100019f2 f   MSVCRT:MSVCR90.dll
 0001:000009f8       __lock                     100019f8 f   MSVCRT:MSVCR90.dll
 0001:000009fe       __except_handler4_common   100019fe f   MSVCRT:MSVCR90.dll
 0001:00000a70       ?System.Data.SQLite.SQLiteConvert..ctor@@2002011180801171 10001a70 f   System.Data.SQLite.netmodule
 0001:00000a94       ?System.Data.SQLite.SQLiteConvert.ToUTF8@@00011N050O 10001a94 f   System.Data.SQLite.netmodule
 0001:00000ad0       ?System.Data.SQLite.SQLiteConvert.ToUTF8@@20011N051169 10001ad0 f   System.Data.SQLite.netmodule
 0001:00000aec       ?System.Data.SQLite.SQLiteConvert.ToString@@20020O1808 10001aec f   System.Data.SQLite.netmodule
 0001:00000b00       ?System.Data.SQLite.SQLiteConvert.UTF8ToString@@00020O1808 10001b00 f   System.Data.SQLite.netmodule
 0001:00000b54       ?System.Data.SQLite.SQLiteConvert.ToDateTime@@200111690O 10001b54 f   System.Data.SQLite.netmodule
 0001:00000b74       ?System.Data.SQLite.SQLiteConvert.ToDateTime@@000311690O1180801171 10001b74 f   System.Data.SQLite.netmodule
 0001:00000c40       ?System.Data.SQLite.SQLiteConvert.ToDateTime@@200111690N 10001c40 f   System.Data.SQLite.netmodule
 0001:00000c5c       ?System.Data.SQLite.SQLiteConvert.ToDateTime@@000211690N1171 10001c5c f   System.Data.SQLite.netmodule
 0001:00000c7c       ?System.Data.SQLite.SQLiteConvert.ToJulianDay@@00010N1169 10001c7c f   System.Data.SQLite.netmodule
 0001:00000c98       ?System.Data.SQLite.SQLiteConvert.ToUnixEpoch@@00010K1169 10001c98 f   System.Data.SQLite.netmodule
 0001:00000cc0       ?System.Data.SQLite.SQLiteConvert.GetDateTimeKindFormat@@00010O1171 10001cc0 f   System.Data.SQLite.netmodule
 0001:00000cdc       ?System.Data.SQLite.SQLiteConvert.ToString@@20010O1169 10001cdc f   System.Data.SQLite.netmodule
 0001:00000dcc       ?System.Data.SQLite.SQLiteConvert.ToDateTime@@200211691808 10001dcc f   System.Data.SQLite.netmodule
 0001:00000de8       ?System.Data.SQLite.SQLiteConvert.Split@@00021N0O0O03 10001de8 f   System.Data.SQLite.netmodule
 0001:00000f44       ?System.Data.SQLite.SQLiteConvert.ToBoolean@@0001021M 10001f44 f   System.Data.SQLite.netmodule
 0001:00000f6c       ?System.Data.SQLite.SQLiteConvert.ToBoolean@@0001020O 10001f6c f   System.Data.SQLite.netmodule
 0001:00001068       ?System.Data.SQLite.SQLiteConvert.ColumnToType@@0003011281040812808M 10002068 f   System.Data.SQLite.netmodule
 0001:00001094       ?System.Data.SQLite.SQLiteConvert.SQLiteTypeToType@@0001127512808M 10002094 f   System.Data.SQLite.netmodule
 0001:000010c4       ?System.Data.SQLite.SQLiteConvert.TypeToDbType@@000111791275 100020c4 f   System.Data.SQLite.netmodule
 0001:00001108       ?System.Data.SQLite.SQLiteConvert.DbTypeToColumnSize@@0001081179 10002108 f   System.Data.SQLite.netmodule
 0001:0000111c       ?System.Data.SQLite.SQLiteConvert.DbTypeToNumericPrecision@@00011M1179 1000211c f   System.Data.SQLite.netmodule
 0001:00001130       ?System.Data.SQLite.SQLiteConvert.DbTypeToNumericScale@@00011M1179 10002130 f   System.Data.SQLite.netmodule
 0001:00001144       ?System.Data.SQLite.SQLiteConvert.DbTypeToTypeName@@00010O1179 10002144 f   System.Data.SQLite.netmodule
 0001:000011a4       ?System.Data.SQLite.SQLiteConvert.DbTypeToType@@000112751179 100021a4 f   System.Data.SQLite.netmodule
 0001:000011b8       ?System.Data.SQLite.SQLiteConvert.TypeToAffinity@@0001117M1275 100021b8 f   System.Data.SQLite.netmodule
 0001:000011f8       ?System.Data.SQLite.SQLiteConvert.TypeNameToDbType@@000111790O 100021f8 f   System.Data.SQLite.netmodule
 0001:0000175c       ?System.Data.SQLite.SQLiteConvert..cctor@@000001 1000275c f   System.Data.SQLite.netmodule
 0001:00001f54       ?System.Data.SQLite.SQLiteBase..ctor@@2002011180801171 10002f54 f   System.Data.SQLite.netmodule
 0001:00001f6c       ?System.Data.SQLite.SQLiteBase.Dispose@@200001 10002f6c f   System.Data.SQLite.netmodule
 0001:00001f88       ?System.Data.SQLite.SQLiteBase.CheckDisposed@@200001 10002f88 f   System.Data.SQLite.netmodule
 0001:00001fb4       ?System.Data.SQLite.SQLiteBase.Dispose@@20010102 10002fb4 f   System.Data.SQLite.netmodule
 0001:00001fd0       ?System.Data.SQLite.SQLiteBase.Finalize@@200001 10002fd0 f   System.Data.SQLite.netmodule
 0001:0000200c       ?System.Data.SQLite.SQLiteBase.GetLastError@@00020O12811418 1000300c f   System.Data.SQLite.netmodule
 0001:00002084       ?System.Data.SQLite.SQLiteBase.FinishBackup@@00020112811418 10003084 f   System.Data.SQLite.netmodule
 0001:000020e4       ?System.Data.SQLite.SQLiteBase.FinalizeStatement@@00020112811418 100030e4 f   System.Data.SQLite.netmodule
 0001:00002144       ?System.Data.SQLite.SQLiteBase.CloseConnection@@00020112811418 10003144 f   System.Data.SQLite.netmodule
 0001:000021a8       ?System.Data.SQLite.SQLiteBase.ResetConnection@@00020112811418 100031a8 f   System.Data.SQLite.netmodule
 0001:00002274       ?System.Data.SQLite.SQLiteBase.IsAutocommit@@00020212811418 10003274 f   System.Data.SQLite.netmodule
 0001:000022dc       ?System.Data.SQLite.SQLite3..ctor@@2002011180801171 100032dc f   System.Data.SQLite.netmodule
 0001:000022f4       ?System.Data.SQLite.SQLite3.CheckDisposed@@200001 100032f4 f   System.Data.SQLite.netmodule
 0001:00002320       ?System.Data.SQLite.SQLite3.Dispose@@20010102 10003320 f   System.Data.SQLite.netmodule
 0001:00002368       ?System.Data.SQLite.SQLite3.Close@@200001 10003368 f   System.Data.SQLite.netmodule
 0001:000023c8       ?System.Data.SQLite.SQLite3.Cancel@@200001 100033c8 f   System.Data.SQLite.netmodule
 0001:000023e8       ?System.Data.SQLite.SQLite3.get_Version@@20000O 100033e8 f   System.Data.SQLite.netmodule
 0001:000023fc       ?System.Data.SQLite.SQLite3.get_DefineConstants@@00000O 100033fc f   System.Data.SQLite.netmodule
 0001:0000247c       ?System.Data.SQLite.SQLite3.get_SQLiteVersion@@00000O 1000347c f   System.Data.SQLite.netmodule
 0001:00002494       ?System.Data.SQLite.SQLite3.get_SQLiteSourceId@@00000O 10003494 f   System.Data.SQLite.netmodule
 0001:000024ac       ?System.Data.SQLite.SQLite3.get_AutoCommit@@200002 100034ac f   System.Data.SQLite.netmodule
 0001:000024d0       ?System.Data.SQLite.SQLite3.get_LastInsertRowId@@20000K 100034d0 f   System.Data.SQLite.netmodule
 0001:000024f0       ?System.Data.SQLite.SQLite3.get_Changes@@200008 100034f0 f   System.Data.SQLite.netmodule
 0001:00002510       ?System.Data.SQLite.SQLite3.get_MemoryUsed@@20000K 10003510 f   System.Data.SQLite.netmodule
 0001:00002524       ?System.Data.SQLite.SQLite3.get_MemoryHighwater@@20000K 10003524 f   System.Data.SQLite.netmodule
 0001:00002538       ?System.Data.SQLite.SQLite3.SetMemoryStatus@@20010802 10003538 f   System.Data.SQLite.netmodule
 0001:0000254c       ?System.Data.SQLite.SQLite3.StaticSetMemoryStatus@@00010802 1000354c f   System.Data.SQLite.netmodule
 0001:0000256c       ?System.Data.SQLite.SQLite3.Shutdown@@200008 1000356c f   System.Data.SQLite.netmodule
 0001:00002580       ?System.Data.SQLite.SQLite3.IsOpen@@200002 10003580 f   System.Data.SQLite.netmodule
 0001:0000259c       ?System.Data.SQLite.SQLite3.Open@@2005010O112811240802 1000359c f   System.Data.SQLite.netmodule
 0001:0000265c       ?System.Data.SQLite.SQLite3.ClearPool@@200001 1000365c f   System.Data.SQLite.netmodule
 0001:00002674       ?System.Data.SQLite.SQLite3.CountPool@@200008 10003674 f   System.Data.SQLite.netmodule
 0001:000026a0       ?System.Data.SQLite.SQLite3.SetTimeout@@20010108 100036a0 f   System.Data.SQLite.netmodule
 0001:000026d0       ?System.Data.SQLite.SQLite3.Step@@200102128104 100036d0 f   System.Data.SQLite.netmodule
 0001:00002778       ?System.Data.SQLite.SQLite3.Reset@@200108128104 10003778 f   System.Data.SQLite.netmodule
 0001:00002828       ?System.Data.SQLite.SQLite3.GetLastError@@20000O 10003828 f   System.Data.SQLite.netmodule
 0001:0000284c       ?System.Data.SQLite.SQLite3.Prepare@@200512810412380O12810409100O 1000384c f   System.Data.SQLite.netmodule
 0001:00002b9c       ?System.Data.SQLite.SQLite3.LogBind@@00020112811808 10003b9c f   System.Data.SQLite.netmodule
 0001:00002bcc       ?System.Data.SQLite.SQLite3.LogBind@@00030112811808122N 10003bcc f   System.Data.SQLite.netmodule
 0001:00002c18       ?System.Data.SQLite.SQLite3.FormatDateTime@@00010O1169 10003c18 f   System.Data.SQLite.netmodule
 0001:00002c78       ?System.Data.SQLite.SQLite3.LogBind@@000301128118081169 10003c78 f   System.Data.SQLite.netmodule
 0001:00002ccc       ?System.Data.SQLite.SQLite3.LogBind@@000301128118080O 10003ccc f   System.Data.SQLite.netmodule
 0001:00002d28       ?System.Data.SQLite.SQLite3.ToHexadecimalString@@00010O1N05 10003d28 f   System.Data.SQLite.netmodule
 0001:00002d74       ?System.Data.SQLite.SQLite3.LogBind@@000301128118081N05 10003d74 f   System.Data.SQLite.netmodule
 0001:00002dd4       ?System.Data.SQLite.SQLite3.Bind_Double@@2004011281041128080N 10003dd4 f   System.Data.SQLite.netmodule
 0001:00002e1c       ?System.Data.SQLite.SQLite3.Bind_Int32@@20040112810411280808 10003e1c f   System.Data.SQLite.netmodule
 0001:00002e64       ?System.Data.SQLite.SQLite3.Bind_UInt32@@20040112810411280809 10003e64 f   System.Data.SQLite.netmodule
 0001:00002eac       ?System.Data.SQLite.SQLite3.Bind_Int64@@2004011281041128080K 10003eac f   System.Data.SQLite.netmodule
 0001:00002ef4       ?System.Data.SQLite.SQLite3.Bind_UInt64@@2004011281041128080L 10003ef4 f   System.Data.SQLite.netmodule
 0001:00002f3c       ?System.Data.SQLite.SQLite3.Bind_Text@@2004011281041128080O 10003f3c f   System.Data.SQLite.netmodule
 0001:00002fa0       ?System.Data.SQLite.SQLite3.Bind_DateTime@@2004011281041128081169 10003fa0 f   System.Data.SQLite.netmodule
 0001:00003100       ?System.Data.SQLite.SQLite3.Bind_Blob@@2004011281041128081N05 10004100 f   System.Data.SQLite.netmodule
 0001:00003150       ?System.Data.SQLite.SQLite3.Bind_Null@@200301128104112808 10004150 f   System.Data.SQLite.netmodule
 0001:00003190       ?System.Data.SQLite.SQLite3.Bind_ParamCount@@2002081281041128 10004190 f   System.Data.SQLite.netmodule
 0001:000031dc       ?System.Data.SQLite.SQLite3.Bind_ParamName@@20030O128104112808 100041dc f   System.Data.SQLite.netmodule
 0001:00003230       ?System.Data.SQLite.SQLite3.Bind_ParamIndex@@20030812810411280O 10004230 f   System.Data.SQLite.netmodule
 0001:00003284       ?System.Data.SQLite.SQLite3.ColumnCount@@200108128104 10004284 f   System.Data.SQLite.netmodule
 0001:000032a4       ?System.Data.SQLite.SQLite3.ColumnName@@20020O12810408 100042a4 f   System.Data.SQLite.netmodule
 0001:000032cc       ?System.Data.SQLite.SQLite3.ColumnAffinity@@2002117M12810408 100042cc f   System.Data.SQLite.netmodule
 0001:000032ec       ?System.Data.SQLite.SQLite3.ColumnType@@20030O1281040810117M 100042ec f   System.Data.SQLite.netmodule
 0001:0000334c       ?System.Data.SQLite.SQLite3.ColumnIndex@@2002081281040O 1000434c f   System.Data.SQLite.netmodule
 0001:00003384       ?System.Data.SQLite.SQLite3.ColumnOriginalName@@20020O12810408 10004384 f   System.Data.SQLite.netmodule
 0001:000033ac       ?System.Data.SQLite.SQLite3.ColumnDatabaseName@@20020O12810408 100043ac f   System.Data.SQLite.netmodule
 0001:000033d4       ?System.Data.SQLite.SQLite3.ColumnTableName@@20020O12810408 100043d4 f   System.Data.SQLite.netmodule
 0001:000033fc       ?System.Data.SQLite.SQLite3.ColumnMetaData@@2008010O0O0O100O100O100210021002 100043fc f   System.Data.SQLite.netmodule
 0001:00003478       ?System.Data.SQLite.SQLite3.GetDouble@@20020N12810408 10004478 f   System.Data.SQLite.netmodule
 0001:00003498       ?System.Data.SQLite.SQLite3.GetInt32@@20020812810408 10004498 f   System.Data.SQLite.netmodule
 0001:000034b8       ?System.Data.SQLite.SQLite3.GetInt64@@20020K12810408 100044b8 f   System.Data.SQLite.netmodule
 0001:000034d8       ?System.Data.SQLite.SQLite3.GetText@@20020O12810408 100044d8 f   System.Data.SQLite.netmodule
 0001:00003500       ?System.Data.SQLite.SQLite3.GetDateTime@@2002116912810408 10004500 f   System.Data.SQLite.netmodule
 0001:00003528       ?System.Data.SQLite.SQLite3.GetBytes@@20060K12810408081N050808 10004528 f   System.Data.SQLite.netmodule
 0001:000035a4       ?System.Data.SQLite.SQLite3.GetChars@@20060K12810408081N030808 100045a4 f   System.Data.SQLite.netmodule
 0001:00003600       ?System.Data.SQLite.SQLite3.IsNull@@20020212810408 10004600 f   System.Data.SQLite.netmodule
 0001:00003618       ?System.Data.SQLite.SQLite3.AggregateCount@@20010818 10004618 f   System.Data.SQLite.netmodule
 0001:0000362c       ?System.Data.SQLite.SQLite3.CreateFunction@@2006010O08021280M41280M41280M8 1000462c f   System.Data.SQLite.netmodule
 0001:000036a4       ?System.Data.SQLite.SQLite3.CreateCollation@@2003010O1280MM1280MM 100046a4 f   System.Data.SQLite.netmodule
 0001:00003704       ?System.Data.SQLite.SQLite3.ContextCollateCompare@@2004081180N4180O0O 10004704 f   System.Data.SQLite.netmodule
 0001:00003760       ?System.Data.SQLite.SQLite3.ContextCollateCompare@@2004081180N4181N031N03 10004760 f   System.Data.SQLite.netmodule
 0001:000037bc       ?System.Data.SQLite.SQLite3.GetCollationSequence@@20021180N81280L418 100047bc f   System.Data.SQLite.netmodule
 0001:00003808       ?System.Data.SQLite.SQLite3.GetParamValueBytes@@20050K18081N050808 10004808 f   System.Data.SQLite.netmodule
 0001:00003868       ?System.Data.SQLite.SQLite3.GetParamValueDouble@@20010N18 10004868 f   System.Data.SQLite.netmodule
 0001:00003880       ?System.Data.SQLite.SQLite3.GetParamValueInt32@@20010818 10004880 f   System.Data.SQLite.netmodule
 0001:00003894       ?System.Data.SQLite.SQLite3.GetParamValueInt64@@20010K18 10004894 f   System.Data.SQLite.netmodule
 0001:000038ac       ?System.Data.SQLite.SQLite3.GetParamValueText@@20010O18 100048ac f   System.Data.SQLite.netmodule
 0001:000038c8       ?System.Data.SQLite.SQLite3.GetParamValueType@@2001117M18 100048c8 f   System.Data.SQLite.netmodule
 0001:000038dc       ?System.Data.SQLite.SQLite3.ReturnBlob@@200201181N05 100048dc f   System.Data.SQLite.netmodule
 0001:000038fc       ?System.Data.SQLite.SQLite3.ReturnDouble@@200201180N 100048fc f   System.Data.SQLite.netmodule
 0001:00003910       ?System.Data.SQLite.SQLite3.ReturnError@@200201180O 10004910 f   System.Data.SQLite.netmodule
 0001:00003930       ?System.Data.SQLite.SQLite3.ReturnInt32@@2002011808 10004930 f   System.Data.SQLite.netmodule
 0001:00003944       ?System.Data.SQLite.SQLite3.ReturnInt64@@200201180K 10004944 f   System.Data.SQLite.netmodule
 0001:00003958       ?System.Data.SQLite.SQLite3.ReturnNull@@20010118 10004958 f   System.Data.SQLite.netmodule
 0001:0000396c       ?System.Data.SQLite.SQLite3.ReturnText@@200201180O 1000496c f   System.Data.SQLite.netmodule
 0001:00003998       ?System.Data.SQLite.SQLite3.AggregateContext@@20011818 10004998 f   System.Data.SQLite.netmodule
 0001:000039ac       ?System.Data.SQLite.SQLite3.SetExtendedResultCodes@@20010102 100049ac f   System.Data.SQLite.netmodule
 0001:000039d4       ?System.Data.SQLite.SQLite3.ResultCode@@200008 100049d4 f   System.Data.SQLite.netmodule
 0001:000039f4       ?System.Data.SQLite.SQLite3.ExtendedResultCode@@200008 100049f4 f   System.Data.SQLite.netmodule
 0001:00003a14       ?System.Data.SQLite.SQLite3.LogMessage@@200201080O 10004a14 f   System.Data.SQLite.netmodule
 0001:00003a30       ?System.Data.SQLite.SQLite3.SetPassword@@2001011N05 10004a30 f   System.Data.SQLite.netmodule
 0001:00003a64       ?System.Data.SQLite.SQLite3.ChangePassword@@2001011N05 10004a64 f   System.Data.SQLite.netmodule
 0001:00003aa0       ?System.Data.SQLite.SQLite3.SetUpdateHook@@2001011240 10004aa0 f   System.Data.SQLite.netmodule
 0001:00003ac4       ?System.Data.SQLite.SQLite3.SetCommitHook@@2001011244 10004ac4 f   System.Data.SQLite.netmodule
 0001:00003ae8       ?System.Data.SQLite.SQLite3.SetTraceCallback@@2001011248 10004ae8 f   System.Data.SQLite.netmodule
 0001:00003b0c       ?System.Data.SQLite.SQLite3.SetRollbackHook@@200101124M 10004b0c f   System.Data.SQLite.netmodule
 0001:00003b30       ?System.Data.SQLite.SQLite3.SetLogCallback@@2001081208 10004b30 f   System.Data.SQLite.netmodule
 0001:00003b50       ?System.Data.SQLite.SQLite3.InitializeBackup@@2003121M12380O0O 10004b50 f   System.Data.SQLite.netmodule
 0001:00003c38       ?System.Data.SQLite.SQLite3.StepBackup@@200302121M081002 10004c38 f   System.Data.SQLite.netmodule
 0001:00003cc4       ?System.Data.SQLite.SQLite3.RemainingBackup@@200108121M 10004cc4 f   System.Data.SQLite.netmodule
 0001:00003d1c       ?System.Data.SQLite.SQLite3.PageCountBackup@@200108121M 10004d1c f   System.Data.SQLite.netmodule
 0001:00003d74       ?System.Data.SQLite.SQLite3.FinishBackup@@200101121M 10004d74 f   System.Data.SQLite.netmodule
 0001:00003dec       ?System.Data.SQLite.SQLite3.IsInitialized@@200002 10004dec f   System.Data.SQLite.netmodule
 0001:00003e00       ?System.Data.SQLite.SQLite3.StaticIsInitialized@@000002 10004e00 f   System.Data.SQLite.netmodule
 0001:00003e7c       ?System.Data.SQLite.SQLite3.GetValue@@20031M1281040812808M 10004e7c f   System.Data.SQLite.netmodule
 0001:00003fa8       ?System.Data.SQLite.SQLite3.GetCursorForTable@@2003081281040808 10004fa8 f   System.Data.SQLite.netmodule
 0001:00003fc8       ?System.Data.SQLite.SQLite3.GetRowIdForCursor@@20020K12810408 10004fc8 f   System.Data.SQLite.netmodule
 0001:00003ff0       ?System.Data.SQLite.SQLite3.GetIndexColumnExtendedInfo@@2006010O0O0O10081008100O 10004ff0 f   System.Data.SQLite.netmodule
 0001:00004044       ?System.Data.SQLite.SQLite3.FileControl@@2003080O0818 10005044 f   System.Data.SQLite.netmodule
 0001:00004070       ?System.Data.SQLite.SQLite3..cctor@@000001 10005070 f   System.Data.SQLite.netmodule
 0001:00004088       ?System.Data.SQLite.SQLite3_UTF16..ctor@@2002011180801171 10005088 f   System.Data.SQLite.netmodule
 0001:000040a0       ?System.Data.SQLite.SQLite3_UTF16.CheckDisposed@@200001 100050a0 f   System.Data.SQLite.netmodule
 0001:000040cc       ?System.Data.SQLite.SQLite3_UTF16.Dispose@@20010102 100050cc f   System.Data.SQLite.netmodule
 0001:00004110       ?System.Data.SQLite.SQLite3_UTF16.ToString@@20020O1808 10005110 f   System.Data.SQLite.netmodule
 0001:0000412c       ?System.Data.SQLite.SQLite3_UTF16.UTF16ToString@@00020O1808 1000512c f   System.Data.SQLite.netmodule
 0001:00004164       ?System.Data.SQLite.SQLite3_UTF16.Open@@2005010O112811240802 10005164 f   System.Data.SQLite.netmodule
 0001:00004224       ?System.Data.SQLite.SQLite3_UTF16.Bind_DateTime@@2004011281041128081169 10005224 f   System.Data.SQLite.netmodule
 0001:0000428c       ?System.Data.SQLite.SQLite3_UTF16.Bind_Text@@2004011281041128080O 1000528c f   System.Data.SQLite.netmodule
 0001:000042e0       ?System.Data.SQLite.SQLite3_UTF16.GetDateTime@@2002116912810408 100052e0 f   System.Data.SQLite.netmodule
 0001:000042fc       ?System.Data.SQLite.SQLite3_UTF16.ColumnName@@20020O12810408 100052fc f   System.Data.SQLite.netmodule
 0001:00004324       ?System.Data.SQLite.SQLite3_UTF16.GetText@@20020O12810408 10005324 f   System.Data.SQLite.netmodule
 0001:0000434c       ?System.Data.SQLite.SQLite3_UTF16.ColumnOriginalName@@20020O12810408 1000534c f   System.Data.SQLite.netmodule
 0001:00004374       ?System.Data.SQLite.SQLite3_UTF16.ColumnDatabaseName@@20020O12810408 10005374 f   System.Data.SQLite.netmodule
 0001:0000439c       ?System.Data.SQLite.SQLite3_UTF16.ColumnTableName@@20020O12810408 1000539c f   System.Data.SQLite.netmodule
 0001:000043c4       ?System.Data.SQLite.SQLite3_UTF16.GetParamValueText@@20010O18 100053c4 f   System.Data.SQLite.netmodule
 0001:000043e0       ?System.Data.SQLite.SQLite3_UTF16.ReturnError@@200201180O 100053e0 f   System.Data.SQLite.netmodule
 0001:000043fc       ?System.Data.SQLite.SQLite3_UTF16.ReturnText@@200201180O 100053fc f   System.Data.SQLite.netmodule
 0001:00004420       ?System.Data.SQLite.SQLiteBackup..ctor@@200601121012811M181N05181N05 10005420 f   System.Data.SQLite.netmodule
 0001:00004460       ?System.Data.SQLite.SQLiteBackup.Dispose@@200001 10005460 f   System.Data.SQLite.netmodule
 0001:0000447c       ?System.Data.SQLite.SQLiteBackup.CheckDisposed@@200001 1000547c f   System.Data.SQLite.netmodule
 0001:000044a8       ?System.Data.SQLite.SQLiteBackup.Dispose@@20010102 100054a8 f   System.Data.SQLite.netmodule
 0001:0000450c       ?System.Data.SQLite.SQLiteBackup.Finalize@@200001 1000550c f   System.Data.SQLite.netmodule
 0001:00004548       ?System.Data.SQLite.SQLiteCommand..ctor@@200001 10005548 f   System.Data.SQLite.netmodule
 0001:00004560       ?System.Data.SQLite.SQLiteCommand..ctor@@2001010O 10005560 f   System.Data.SQLite.netmodule
 0001:00004578       ?System.Data.SQLite.SQLiteCommand..ctor@@2002010O1238 10005578 f   System.Data.SQLite.netmodule
 0001:00004590       ?System.Data.SQLite.SQLiteCommand..ctor@@2001011238 10005590 f   System.Data.SQLite.netmodule
 0001:000045a8       ?System.Data.SQLite.SQLiteCommand..ctor@@2001011230 100055a8 f   System.Data.SQLite.netmodule
 0001:00004654       ?System.Data.SQLite.SQLiteCommand..ctor@@2003010O1238128108 10005654 f   System.Data.SQLite.netmodule
 0001:000046b4       ?System.Data.SQLite.SQLiteCommand.Check@@0001011230 100056b4 f   System.Data.SQLite.netmodule
 0001:000046d8       ?System.Data.SQLite.SQLiteCommand.CheckDisposed@@200001 100056d8 f   System.Data.SQLite.netmodule
 0001:00004704       ?System.Data.SQLite.SQLiteCommand.Dispose@@20010102 10005704 f   System.Data.SQLite.netmodule
 0001:000047b0       ?System.Data.SQLite.SQLiteCommand.ClearCommands@@200001 100057b0 f   System.Data.SQLite.netmodule
 0001:00004850       ?System.Data.SQLite.SQLiteCommand.BuildNextCommand@@2000128104 10005850 f   System.Data.SQLite.netmodule
 0001:00004974       ?System.Data.SQLite.SQLiteCommand.GetStatement@@200112810408 10005974 f   System.Data.SQLite.netmodule
 0001:000049c8       ?System.Data.SQLite.SQLiteCommand.Cancel@@200001 100059c8 f   System.Data.SQLite.netmodule
 0001:00004a00       ?System.Data.SQLite.SQLiteCommand.get_CommandText@@20000O 10005a00 f   System.Data.SQLite.netmodule
 0001:00004a1c       ?System.Data.SQLite.SQLiteCommand.set_CommandText@@2001010O 10005a1c f   System.Data.SQLite.netmodule
 0001:00004a74       ?System.Data.SQLite.SQLiteCommand.get_CommandTimeout@@200008 10005a74 f   System.Data.SQLite.netmodule
 0001:00004a90       ?System.Data.SQLite.SQLiteCommand.set_CommandTimeout@@20010108 10005a90 f   System.Data.SQLite.netmodule
 0001:00004aac       ?System.Data.SQLite.SQLiteCommand.get_CommandType@@200011808N 10005aac f   System.Data.SQLite.netmodule
 0001:00004ac0       ?System.Data.SQLite.SQLiteCommand.set_CommandType@@20010111808N 10005ac0 f   System.Data.SQLite.netmodule
 0001:00004ae0       ?System.Data.SQLite.SQLiteCommand.CreateDbParameter@@2000124N 10005ae0 f   System.Data.SQLite.netmodule
 0001:00004af4       ?System.Data.SQLite.SQLiteCommand.CreateParameter@@20001280PM 10005af4 f   System.Data.SQLite.netmodule
 0001:00004b0c       ?System.Data.SQLite.SQLiteCommand.get_Connection@@20001238 10005b0c f   System.Data.SQLite.netmodule
 0001:00004b28       ?System.Data.SQLite.SQLiteCommand.set_Connection@@2001011238 10005b28 f   System.Data.SQLite.netmodule
 0001:00004b8c       ?System.Data.SQLite.SQLiteCommand.get_DbConnection@@20001221 10005b8c f   System.Data.SQLite.netmodule
 0001:00004ba0       ?System.Data.SQLite.SQLiteCommand.set_DbConnection@@2001011221 10005ba0 f   System.Data.SQLite.netmodule
 0001:00004bbc       ?System.Data.SQLite.SQLiteCommand.get_Parameters@@2000128100 10005bbc f   System.Data.SQLite.netmodule
 0001:00004bd8       ?System.Data.SQLite.SQLiteCommand.get_DbParameterCollection@@20001251 10005bd8 f   System.Data.SQLite.netmodule
 0001:00004bec       ?System.Data.SQLite.SQLiteCommand.get_Transaction@@2000128108 10005bec f   System.Data.SQLite.netmodule
 0001:00004c08       ?System.Data.SQLite.SQLiteCommand.set_Transaction@@200101128108 10005c08 f   System.Data.SQLite.netmodule
 0001:00004c80       ?System.Data.SQLite.SQLiteCommand.get_DbTransaction@@20001255 10005c80 f   System.Data.SQLite.netmodule
 0001:00004c94       ?System.Data.SQLite.SQLiteCommand.set_DbTransaction@@2001011255 10005c94 f   System.Data.SQLite.netmodule
 0001:00004cb0       ?System.Data.SQLite.SQLiteCommand.InitializeForReader@@200001 10005cb0 f   System.Data.SQLite.netmodule
 0001:00004d40       ?System.Data.SQLite.SQLiteCommand.ExecuteDbDataReader@@20011239118091 10005d40 f   System.Data.SQLite.netmodule
 0001:00004d54       ?System.Data.SQLite.SQLiteCommand.ExecuteReader@@200112809M118091 10005d54 f   System.Data.SQLite.netmodule
 0001:00004d84       ?System.Data.SQLite.SQLiteCommand.ExecuteReader@@200012809M 10005d84 f   System.Data.SQLite.netmodule
 0001:00004da0       ?System.Data.SQLite.SQLiteCommand.ClearDataReader@@200001 10005da0 f   System.Data.SQLite.netmodule
 0001:00004db4       ?System.Data.SQLite.SQLiteCommand.ExecuteNonQuery@@200008 10005db4 f   System.Data.SQLite.netmodule
 0001:00004e08       ?System.Data.SQLite.SQLiteCommand.ExecuteScalar@@20001M 10005e08 f   System.Data.SQLite.netmodule
 0001:00004e64       ?System.Data.SQLite.SQLiteCommand.Prepare@@200001 10005e64 f   System.Data.SQLite.netmodule
 0001:00004e78       ?System.Data.SQLite.SQLiteCommand.get_UpdatedRowSource@@2000118085 10005e78 f   System.Data.SQLite.netmodule
 0001:00004e94       ?System.Data.SQLite.SQLiteCommand.set_UpdatedRowSource@@200101118085 10005e94 f   System.Data.SQLite.netmodule
 0001:00004eb0       ?System.Data.SQLite.SQLiteCommand.get_DesignTimeVisible@@200002 10005eb0 f   System.Data.SQLite.netmodule
 0001:00004ecc       ?System.Data.SQLite.SQLiteCommand.set_DesignTimeVisible@@20010102 10005ecc f   System.Data.SQLite.netmodule
 0001:00004eec       ?System.Data.SQLite.SQLiteCommand.Clone@@20001M 10005eec f   System.Data.SQLite.netmodule
 0001:00004f08       ?System.Data.SQLite.SQLiteCommandBuilder..ctor@@200001 10005f08 f   System.Data.SQLite.netmodule
 0001:00004f1c       ?System.Data.SQLite.SQLiteCommandBuilder..ctor@@200101128098 10005f1c f   System.Data.SQLite.netmodule
 0001:00004f4c       ?System.Data.SQLite.SQLiteCommandBuilder.CheckDisposed@@200001 10005f4c f   System.Data.SQLite.netmodule
 0001:00004f78       ?System.Data.SQLite.SQLiteCommandBuilder.Dispose@@20010102 10005f78 f   System.Data.SQLite.netmodule
 0001:00004fbc       ?System.Data.SQLite.SQLiteCommandBuilder.ApplyParameterInfo@@200401124N12809511809902 10005fbc f   System.Data.SQLite.netmodule
 0001:00004fe8       ?System.Data.SQLite.SQLiteCommandBuilder.GetParameterName@@20010O0O 10005fe8 f   System.Data.SQLite.netmodule
 0001:00005010       ?System.Data.SQLite.SQLiteCommandBuilder.GetParameterName@@20010O08 10006010 f   System.Data.SQLite.netmodule
 0001:00005040       ?System.Data.SQLite.SQLiteCommandBuilder.GetParameterPlaceholder@@20010O08 10006040 f   System.Data.SQLite.netmodule
 0001:00005054       ?System.Data.SQLite.SQLiteCommandBuilder.SetRowUpdatingHandler@@2001011235 10006054 f   System.Data.SQLite.netmodule
 0001:0000509c       ?System.Data.SQLite.SQLiteCommandBuilder.RowUpdatingEventHandler@@2002011M12809N 1000609c f   System.Data.SQLite.netmodule
 0001:000050b0       ?System.Data.SQLite.SQLiteCommandBuilder.get_DataAdapter@@2000128098 100060b0 f   System.Data.SQLite.netmodule
 0001:000050d0       ?System.Data.SQLite.SQLiteCommandBuilder.set_DataAdapter@@200101128098 100060d0 f   System.Data.SQLite.netmodule
 0001:000050ec       ?System.Data.SQLite.SQLiteCommandBuilder.GetDeleteCommand@@20001230 100060ec f   System.Data.SQLite.netmodule
 0001:0000510c       ?System.Data.SQLite.SQLiteCommandBuilder.GetDeleteCommand@@2001123002 1000610c f   System.Data.SQLite.netmodule
 0001:0000512c       ?System.Data.SQLite.SQLiteCommandBuilder.GetUpdateCommand@@20001230 1000612c f   System.Data.SQLite.netmodule
 0001:0000514c       ?System.Data.SQLite.SQLiteCommandBuilder.GetUpdateCommand@@2001123002 1000614c f   System.Data.SQLite.netmodule
 0001:0000516c       ?System.Data.SQLite.SQLiteCommandBuilder.GetInsertCommand@@20001230 1000616c f   System.Data.SQLite.netmodule
 0001:0000518c       ?System.Data.SQLite.SQLiteCommandBuilder.GetInsertCommand@@2001123002 1000618c f   System.Data.SQLite.netmodule
 0001:000051ac       ?System.Data.SQLite.SQLiteCommandBuilder.get_CatalogLocation@@20001180K1 100061ac f   System.Data.SQLite.netmodule
 0001:000051c8       ?System.Data.SQLite.SQLiteCommandBuilder.set_CatalogLocation@@2001011180K1 100061c8 f   System.Data.SQLite.netmodule
 0001:000051e4       ?System.Data.SQLite.SQLiteCommandBuilder.get_CatalogSeparator@@20000O 100061e4 f   System.Data.SQLite.netmodule
 0001:00005200       ?System.Data.SQLite.SQLiteCommandBuilder.set_CatalogSeparator@@2001010O 10006200 f   System.Data.SQLite.netmodule
 0001:0000521c       ?System.Data.SQLite.SQLiteCommandBuilder.get_QuotePrefix@@20000O 1000621c f   System.Data.SQLite.netmodule
 0001:00005238       ?System.Data.SQLite.SQLiteCommandBuilder.set_QuotePrefix@@2001010O 10006238 f   System.Data.SQLite.netmodule
 0001:00005254       ?System.Data.SQLite.SQLiteCommandBuilder.get_QuoteSuffix@@20000O 10006254 f   System.Data.SQLite.netmodule
 0001:00005270       ?System.Data.SQLite.SQLiteCommandBuilder.set_QuoteSuffix@@2001010O 10006270 f   System.Data.SQLite.netmodule
 0001:0000528c       ?System.Data.SQLite.SQLiteCommandBuilder.QuoteIdentifier@@20010O0O 1000628c f   System.Data.SQLite.netmodule
 0001:000052f4       ?System.Data.SQLite.SQLiteCommandBuilder.UnquoteIdentifier@@20010O0O 100062f4 f   System.Data.SQLite.netmodule
 0001:00005398       ?System.Data.SQLite.SQLiteCommandBuilder.get_SchemaSeparator@@20000O 10006398 f   System.Data.SQLite.netmodule
 0001:000053b4       ?System.Data.SQLite.SQLiteCommandBuilder.set_SchemaSeparator@@2001010O 100063b4 f   System.Data.SQLite.netmodule
 0001:000053d0       ?System.Data.SQLite.SQLiteCommandBuilder.GetSchemaTable@@20011280K51215 100063d0 f   System.Data.SQLite.netmodule
 0001:00005428       ?System.Data.SQLite.SQLiteCommandBuilder.HasSchemaPrimaryKey@@2001021280K5 10006428 f   System.Data.SQLite.netmodule
 0001:000054b0       ?System.Data.SQLite.SQLiteCommandBuilder.ResetIsUniqueSchemaColumn@@2001011280K5 100064b0 f   System.Data.SQLite.netmodule
 0001:00005554       ?System.Data.SQLite.SQLiteConnection.add__updateHandler@@2001011254 10006554 f   System.Data.SQLite.netmodule
 0001:00005578       ?System.Data.SQLite.SQLiteConnection.remove__updateHandler@@2001011254 10006578 f   System.Data.SQLite.netmodule
 0001:0000559c       ?System.Data.SQLite.SQLiteConnection.add__commitHandler@@2001011250 1000659c f   System.Data.SQLite.netmodule
 0001:000055c0       ?System.Data.SQLite.SQLiteConnection.remove__commitHandler@@2001011250 100065c0 f   System.Data.SQLite.netmodule
 0001:000055e4       ?System.Data.SQLite.SQLiteConnection.add__traceHandler@@2001011258 100065e4 f   System.Data.SQLite.netmodule
 0001:00005608       ?System.Data.SQLite.SQLiteConnection.remove__traceHandler@@2001011258 10006608 f   System.Data.SQLite.netmodule
 0001:0000562c       ?System.Data.SQLite.SQLiteConnection.add__rollbackHandler@@2001011280L1 1000662c f   System.Data.SQLite.netmodule
 0001:00005650       ?System.Data.SQLite.SQLiteConnection.remove__rollbackHandler@@2001011280L1 10006650 f   System.Data.SQLite.netmodule
 0001:00005674       ?System.Data.SQLite.SQLiteConnection.add_StateChange@@2001011280L5 10006674 f   System.Data.SQLite.netmodule
 0001:00005698       ?System.Data.SQLite.SQLiteConnection.remove_StateChange@@2001011280L5 10006698 f   System.Data.SQLite.netmodule
 0001:000056bc       ?System.Data.SQLite.SQLiteConnection..ctor@@200001 100066bc f   System.Data.SQLite.netmodule
 0001:000056d4       ?System.Data.SQLite.SQLiteConnection..ctor@@2001010O 100066d4 f   System.Data.SQLite.netmodule
 0001:00005718       ?System.Data.SQLite.SQLiteConnection..ctor@@2001011238 10006718 f   System.Data.SQLite.netmodule
 0001:00005860       ?System.Data.SQLite.SQLiteConnection.BackupDatabase@@20060112380O0O08125M08 10006860 f   System.Data.SQLite.netmodule
 0001:000059a8       ?System.Data.SQLite.SQLiteConnection.Check@@0001011238 100069a8 f   System.Data.SQLite.netmodule
 0001:00005a34       ?System.Data.SQLite.SQLiteConnection.CheckDisposed@@200001 10006a34 f   System.Data.SQLite.netmodule
 0001:00005a60       ?System.Data.SQLite.SQLiteConnection.Dispose@@20010102 10006a60 f   System.Data.SQLite.netmodule
 0001:00005aa8       ?System.Data.SQLite.SQLiteConnection.Clone@@20001M 10006aa8 f   System.Data.SQLite.netmodule
 0001:00005ac4       ?System.Data.SQLite.SQLiteConnection.CreateFile@@0001010O 10006ac4 f   System.Data.SQLite.netmodule
 0001:00005ae0       ?System.Data.SQLite.SQLiteConnection.OnStateChange@@2001011180KN 10006ae0 f   System.Data.SQLite.netmodule
 0001:00005b1c       ?System.Data.SQLite.SQLiteConnection.BeginTransaction@@20021281081180K902 10006b1c f   System.Data.SQLite.netmodule
 0001:00005b4c       ?System.Data.SQLite.SQLiteConnection.BeginTransaction@@200112810802 10006b4c f   System.Data.SQLite.netmodule
 0001:00005b7c       ?System.Data.SQLite.SQLiteConnection.BeginTransaction@@20011281081180K9 10006b7c f   System.Data.SQLite.netmodule
 0001:00005b9c       ?System.Data.SQLite.SQLiteConnection.BeginTransaction@@2000128108 10006b9c f   System.Data.SQLite.netmodule
 0001:00005bc0       ?System.Data.SQLite.SQLiteConnection.BeginDbTransaction@@200112551180K9 10006bc0 f   System.Data.SQLite.netmodule
 0001:00005c14       ?System.Data.SQLite.SQLiteConnection.ChangeDatabase@@2001010O 10006c14 f   System.Data.SQLite.netmodule
 0001:00005c2c       ?System.Data.SQLite.SQLiteConnection.Close@@200001 10006c2c f   System.Data.SQLite.netmodule
 0001:00005ce8       ?System.Data.SQLite.SQLiteConnection.get_PoolCount@@200008 10006ce8 f   System.Data.SQLite.netmodule
 0001:00005d0c       ?System.Data.SQLite.SQLiteConnection.ClearPool@@0001011238 10006d0c f   System.Data.SQLite.netmodule
 0001:00005d30       ?System.Data.SQLite.SQLiteConnection.ClearAllPools@@000001 10006d30 f   System.Data.SQLite.netmodule
 0001:00005d44       ?System.Data.SQLite.SQLiteConnection.get_ConnectionString@@20000O 10006d44 f   System.Data.SQLite.netmodule
 0001:00005d60       ?System.Data.SQLite.SQLiteConnection.set_ConnectionString@@2001010O 10006d60 f   System.Data.SQLite.netmodule
 0001:00005d94       ?System.Data.SQLite.SQLiteConnection.CreateCommand@@20001230 10006d94 f   System.Data.SQLite.netmodule
 0001:00005db0       ?System.Data.SQLite.SQLiteConnection.CreateDbCommand@@20001215 10006db0 f   System.Data.SQLite.netmodule
 0001:00005dc4       ?System.Data.SQLite.SQLiteConnection.get_DataSource@@20000O 10006dc4 f   System.Data.SQLite.netmodule
 0001:00005de0       ?System.Data.SQLite.SQLiteConnection.get_Database@@20000O 10006de0 f   System.Data.SQLite.netmodule
 0001:00005df8       ?System.Data.SQLite.SQLiteConnection.MapUriPath@@00010O0O 10006df8 f   System.Data.SQLite.netmodule
 0001:00005e4c       ?System.Data.SQLite.SQLiteConnection.ParseConnectionString@@0001151280L9020O0O0O 10006e4c f   System.Data.SQLite.netmodule
 0001:00005ed8       ?System.Data.SQLite.SQLiteConnection.EnlistTransaction@@2001011280LN 10006ed8 f   System.Data.SQLite.netmodule
 0001:00005f58       ?System.Data.SQLite.SQLiteConnection.FindKey@@00030O151280L9020O0O0O0O 10006f58 f   System.Data.SQLite.netmodule
 0001:00005f74       ?System.Data.SQLite.SQLiteConnection.TryParseEnum@@00031M12750O02 10006f74 f   System.Data.SQLite.netmodule
 0001:00005fb0       ?System.Data.SQLite.SQLiteConnection.Open@@200001 10006fb0 f   System.Data.SQLite.netmodule
 0001:000067dc       ?System.Data.SQLite.SQLiteConnection.OpenAndReturn@@20001238 100077dc f   System.Data.SQLite.netmodule
 0001:000067f8       ?System.Data.SQLite.SQLiteConnection.get_DefaultTimeout@@200008 100077f8 f   System.Data.SQLite.netmodule
 0001:00006814       ?System.Data.SQLite.SQLiteConnection.set_DefaultTimeout@@20010108 10007814 f   System.Data.SQLite.netmodule
 0001:00006830       ?System.Data.SQLite.SQLiteConnection.get_Flags@@20001128 10007830 f   System.Data.SQLite.netmodule
 0001:0000684c       ?System.Data.SQLite.SQLiteConnection.set_Flags@@2001011128 1000784c f   System.Data.SQLite.netmodule
 0001:00006868       ?System.Data.SQLite.SQLiteConnection.get_ServerVersion@@20000O 10007868 f   System.Data.SQLite.netmodule
 0001:00006880       ?System.Data.SQLite.SQLiteConnection.get_LastInsertRowId@@20000K 10007880 f   System.Data.SQLite.netmodule
 0001:000068b4       ?System.Data.SQLite.SQLiteConnection.get_Changes@@200008 100078b4 f   System.Data.SQLite.netmodule
 0001:000068e8       ?System.Data.SQLite.SQLiteConnection.get_MemoryUsed@@20000K 100078e8 f   System.Data.SQLite.netmodule
 0001:0000691c       ?System.Data.SQLite.SQLiteConnection.get_MemoryHighwater@@20000K 1000791c f   System.Data.SQLite.netmodule
 0001:00006950       ?System.Data.SQLite.SQLiteConnection.SetMemoryStatus@@00010802 10007950 f   System.Data.SQLite.netmodule
 0001:00006964       ?System.Data.SQLite.SQLiteConnection.get_DefineConstants@@00000O 10007964 f   System.Data.SQLite.netmodule
 0001:00006978       ?System.Data.SQLite.SQLiteConnection.get_SQLiteVersion@@00000O 10007978 f   System.Data.SQLite.netmodule
 0001:0000698c       ?System.Data.SQLite.SQLiteConnection.get_SQLiteSourceId@@00000O 1000798c f   System.Data.SQLite.netmodule
 0001:000069a0       ?System.Data.SQLite.SQLiteConnection.get_State@@20001180KN 100079a0 f   System.Data.SQLite.netmodule
 0001:000069bc       ?System.Data.SQLite.SQLiteConnection.Shutdown@@200008 100079bc f   System.Data.SQLite.netmodule
 0001:00006ab0       ?System.Data.SQLite.SQLiteConnection.SetExtendedResultCodes@@20010102 10007ab0 f   System.Data.SQLite.netmodule
 0001:00006ad8       ?System.Data.SQLite.SQLiteConnection.ResultCode@@200008 10007ad8 f   System.Data.SQLite.netmodule
 0001:00006b0c       ?System.Data.SQLite.SQLiteConnection.ExtendedResultCode@@200008 10007b0c f   System.Data.SQLite.netmodule
 0001:00006b40       ?System.Data.SQLite.SQLiteConnection.LogMessage@@200201080O 10007b40 f   System.Data.SQLite.netmodule
 0001:00006b74       ?System.Data.SQLite.SQLiteConnection.ChangePassword@@2001010O 10007b74 f   System.Data.SQLite.netmodule
 0001:00006ba4       ?System.Data.SQLite.SQLiteConnection.ChangePassword@@2001011N05 10007ba4 f   System.Data.SQLite.netmodule
 0001:00006bd8       ?System.Data.SQLite.SQLiteConnection.SetPassword@@2001010O 10007bd8 f   System.Data.SQLite.netmodule
 0001:00006c08       ?System.Data.SQLite.SQLiteConnection.SetPassword@@2001011N05 10007c08 f   System.Data.SQLite.netmodule
 0001:00006c40       ?System.Data.SQLite.SQLiteConnection.SetAvRetry@@20020810081008 10007c40 f   System.Data.SQLite.netmodule
 0001:00006ce0       ?System.Data.SQLite.SQLiteConnection.UnwrapFileName@@20010O0O 10007ce0 f   System.Data.SQLite.netmodule
 0001:00006d3c       ?System.Data.SQLite.SQLiteConnection.ExpandFileName@@20020O0O02 10007d3c f   System.Data.SQLite.netmodule
 0001:00006e04       ?System.Data.SQLite.SQLiteConnection.GetSchema@@20001280K5 10007e04 f   System.Data.SQLite.netmodule
 0001:00006e24       ?System.Data.SQLite.SQLiteConnection.GetSchema@@20011280K50O 10007e24 f   System.Data.SQLite.netmodule
 0001:00006e44       ?System.Data.SQLite.SQLiteConnection.GetSchema@@20021280K50O1N0O 10007e44 f   System.Data.SQLite.netmodule
 0001:0000705c       ?System.Data.SQLite.SQLiteConnection.Schema_ReservedWords@@00001280K5 1000805c f   System.Data.SQLite.netmodule
 0001:00007130       ?System.Data.SQLite.SQLiteConnection.Schema_MetaDataCollections@@00001280K5 10008130 f   System.Data.SQLite.netmodule
 0001:000071d0       ?System.Data.SQLite.SQLiteConnection.Schema_DataSourceInformation@@20001280K5 100081d0 f   System.Data.SQLite.netmodule
 0001:00007494       ?System.Data.SQLite.SQLiteConnection.Schema_Columns@@20031280K50O0O0O 10008494 f   System.Data.SQLite.netmodule
 0001:00007bec       ?System.Data.SQLite.SQLiteConnection.Schema_Indexes@@20031280K50O0O0O 10008bec f   System.Data.SQLite.netmodule
 0001:0000847c       ?System.Data.SQLite.SQLiteConnection.Schema_Triggers@@20031280K50O0O0O 1000947c f   System.Data.SQLite.netmodule
 0001:00008678       ?System.Data.SQLite.SQLiteConnection.Schema_Tables@@20031280K50O0O0O 10009678 f   System.Data.SQLite.netmodule
 0001:000088f0       ?System.Data.SQLite.SQLiteConnection.Schema_Views@@20021280K50O0O 100098f0 f   System.Data.SQLite.netmodule
 0001:00008b90       ?System.Data.SQLite.SQLiteConnection.Schema_Catalogs@@20011280K50O 10009b90 f   System.Data.SQLite.netmodule
 0001:00008ce4       ?System.Data.SQLite.SQLiteConnection.Schema_DataTypes@@20001280K5 10009ce4 f   System.Data.SQLite.netmodule
 0001:00008f88       ?System.Data.SQLite.SQLiteConnection.Schema_IndexColumns@@20041280K50O0O0O0O 10009f88 f   System.Data.SQLite.netmodule
 0001:00009684       ?System.Data.SQLite.SQLiteConnection.Schema_ViewColumns@@20031280K50O0O0O 1000a684 f   System.Data.SQLite.netmodule
 0001:00009e4c       ?System.Data.SQLite.SQLiteConnection.Schema_ForeignKeys@@20031280K50O0O0O 1000ae4c f   System.Data.SQLite.netmodule
 0001:0000a410       ?System.Data.SQLite.SQLiteConnection.add_Update@@2001011254 1000b410 f   System.Data.SQLite.netmodule
 0001:0000a470       ?System.Data.SQLite.SQLiteConnection.remove_Update@@2001011254 1000b470 f   System.Data.SQLite.netmodule
 0001:0000a4c0       ?System.Data.SQLite.SQLiteConnection.UpdateCallback@@200501180818180K 1000b4c0 f   System.Data.SQLite.netmodule
 0001:0000a4f0       ?System.Data.SQLite.SQLiteConnection.add_Commit@@2001011250 1000b4f0 f   System.Data.SQLite.netmodule
 0001:0000a550       ?System.Data.SQLite.SQLiteConnection.remove_Commit@@2001011250 1000b550 f   System.Data.SQLite.netmodule
 0001:0000a5a0       ?System.Data.SQLite.SQLiteConnection.add_Trace@@2001011258 1000b5a0 f   System.Data.SQLite.netmodule
 0001:0000a600       ?System.Data.SQLite.SQLiteConnection.remove_Trace@@2001011258 1000b600 f   System.Data.SQLite.netmodule
 0001:0000a650       ?System.Data.SQLite.SQLiteConnection.TraceCallback@@2002011818 1000b650 f   System.Data.SQLite.netmodule
 0001:0000a678       ?System.Data.SQLite.SQLiteConnection.add_RollBack@@2001011280L1 1000b678 f   System.Data.SQLite.netmodule
 0001:0000a6d8       ?System.Data.SQLite.SQLiteConnection.remove_RollBack@@2001011280L1 1000b6d8 f   System.Data.SQLite.netmodule
 0001:0000a728       ?System.Data.SQLite.SQLiteConnection.CommitCallback@@20010818 1000b728 f   System.Data.SQLite.netmodule
 0001:0000a754       ?System.Data.SQLite.SQLiteConnection.RollbackCallback@@20010118 1000b754 f   System.Data.SQLite.netmodule
 0001:0000a774       ?System.Data.SQLite.SQLiteConnection.get_DbProviderFactory@@20001241 1000b774 f   System.Data.SQLite.netmodule
 0001:0000a788       ?System.Data.SQLite.UpdateEventArgs..ctor@@2004010O0O11600K 1000b788 f   System.Data.SQLite.netmodule
 0001:0000a7b8       ?System.Data.SQLite.CommitEventArgs..ctor@@200001 1000b7b8 f   System.Data.SQLite.netmodule
 0001:0000a7cc       ?System.Data.SQLite.TraceEventArgs..ctor@@2001010O 1000b7cc f   System.Data.SQLite.netmodule
 0001:0000a7e8       ?System.Data.SQLite.SQLiteConnectionPool.GetCounts@@0005010O1015127N020O08100810081008 1000b7e8 f   System.Data.SQLite.netmodule
 0001:0000a900       ?System.Data.SQLite.SQLiteConnectionPool.Remove@@00031281140O081008 1000b900 f   System.Data.SQLite.netmodule
 0001:0000aad8       ?System.Data.SQLite.SQLiteConnectionPool.ClearAllPools@@000001 1000bad8 f   System.Data.SQLite.netmodule
 0001:0000abd4       ?System.Data.SQLite.SQLiteConnectionPool.ClearPool@@0001010O 1000bbd4 f   System.Data.SQLite.netmodule
 0001:0000ac6c       ?System.Data.SQLite.SQLiteConnectionPool.Add@@0003010O12811408 1000bc6c f   System.Data.SQLite.netmodule
 0001:0000acfc       ?System.Data.SQLite.SQLiteConnectionPool.ResizePool@@000201127402 1000bcfc f   System.Data.SQLite.netmodule
 0001:0000ad54       ?System.Data.SQLite.SQLiteConnectionPool..cctor@@000001 1000bd54 f   System.Data.SQLite.netmodule
 0001:0000ad84       ?System.Data.SQLite.SQLiteConnectionPool.Pool..ctor@@2002010808 1000bd84 f   System.Data.SQLite.netmodule
 0001:0000adb0       ?System.Data.SQLite.SQLiteConnectionStringBuilder..ctor@@200001 1000bdb0 f   System.Data.SQLite.netmodule
 0001:0000adcc       ?System.Data.SQLite.SQLiteConnectionStringBuilder..ctor@@2001010O 1000bdcc f   System.Data.SQLite.netmodule
 0001:0000ade8       ?System.Data.SQLite.SQLiteConnectionStringBuilder.Initialize@@2001010O 1000bde8 f   System.Data.SQLite.netmodule
 0001:0000ae50       ?System.Data.SQLite.SQLiteConnectionStringBuilder.get_Version@@200008 1000be50 f   System.Data.SQLite.netmodule
 0001:0000ae78       ?System.Data.SQLite.SQLiteConnectionStringBuilder.set_Version@@20010108 1000be78 f   System.Data.SQLite.netmodule
 0001:0000aea0       ?System.Data.SQLite.SQLiteConnectionStringBuilder.get_SyncMode@@2000113M 1000bea0 f   System.Data.SQLite.netmodule
 0001:0000aee4       ?System.Data.SQLite.SQLiteConnectionStringBuilder.set_SyncMode@@200101113M 1000bee4 f   System.Data.SQLite.netmodule
 0001:0000af04       ?System.Data.SQLite.SQLiteConnectionStringBuilder.get_UseUTF16Encoding@@200002 1000bf04 f   System.Data.SQLite.netmodule
 0001:0000af28       ?System.Data.SQLite.SQLiteConnectionStringBuilder.set_UseUTF16Encoding@@20010102 1000bf28 f   System.Data.SQLite.netmodule
 0001:0000af48       ?System.Data.SQLite.SQLiteConnectionStringBuilder.get_Pooling@@200002 1000bf48 f   System.Data.SQLite.netmodule
 0001:0000af6c       ?System.Data.SQLite.SQLiteConnectionStringBuilder.set_Pooling@@20010102 1000bf6c f   System.Data.SQLite.netmodule
 0001:0000af8c       ?System.Data.SQLite.SQLiteConnectionStringBuilder.get_BinaryGUID@@200002 1000bf8c f   System.Data.SQLite.netmodule
 0001:0000afb0       ?System.Data.SQLite.SQLiteConnectionStringBuilder.set_BinaryGUID@@20010102 1000bfb0 f   System.Data.SQLite.netmodule
 0001:0000afd0       ?System.Data.SQLite.SQLiteConnectionStringBuilder.get_DataSource@@20000O 1000bfd0 f   System.Data.SQLite.netmodule
 0001:0000aff4       ?System.Data.SQLite.SQLiteConnectionStringBuilder.set_DataSource@@2001010O 1000bff4 f   System.Data.SQLite.netmodule
 0001:0000b010       ?System.Data.SQLite.SQLiteConnectionStringBuilder.get_Uri@@20000O 1000c010 f   System.Data.SQLite.netmodule
 0001:0000b034       ?System.Data.SQLite.SQLiteConnectionStringBuilder.set_Uri@@2001010O 1000c034 f   System.Data.SQLite.netmodule
 0001:0000b050       ?System.Data.SQLite.SQLiteConnectionStringBuilder.get_FullUri@@20000O 1000c050 f   System.Data.SQLite.netmodule
 0001:0000b074       ?System.Data.SQLite.SQLiteConnectionStringBuilder.set_FullUri@@2001010O 1000c074 f   System.Data.SQLite.netmodule
 0001:0000b090       ?System.Data.SQLite.SQLiteConnectionStringBuilder.get_DefaultTimeout@@200008 1000c090 f   System.Data.SQLite.netmodule
 0001:0000b0b8       ?System.Data.SQLite.SQLiteConnectionStringBuilder.set_DefaultTimeout@@20010108 1000c0b8 f   System.Data.SQLite.netmodule
 0001:0000b0d8       ?System.Data.SQLite.SQLiteConnectionStringBuilder.get_Enlist@@200002 1000c0d8 f   System.Data.SQLite.netmodule
 0001:0000b0fc       ?System.Data.SQLite.SQLiteConnectionStringBuilder.set_Enlist@@20010102 1000c0fc f   System.Data.SQLite.netmodule
 0001:0000b11c       ?System.Data.SQLite.SQLiteConnectionStringBuilder.get_FailIfMissing@@200002 1000c11c f   System.Data.SQLite.netmodule
 0001:0000b140       ?System.Data.SQLite.SQLiteConnectionStringBuilder.set_FailIfMissing@@20010102 1000c140 f   System.Data.SQLite.netmodule
 0001:0000b160       ?System.Data.SQLite.SQLiteConnectionStringBuilder.get_LegacyFormat@@200002 1000c160 f   System.Data.SQLite.netmodule
 0001:0000b184       ?System.Data.SQLite.SQLiteConnectionStringBuilder.set_LegacyFormat@@20010102 1000c184 f   System.Data.SQLite.netmodule
 0001:0000b1a4       ?System.Data.SQLite.SQLiteConnectionStringBuilder.get_ReadOnly@@200002 1000c1a4 f   System.Data.SQLite.netmodule
 0001:0000b1c8       ?System.Data.SQLite.SQLiteConnectionStringBuilder.set_ReadOnly@@20010102 1000c1c8 f   System.Data.SQLite.netmodule
 0001:0000b1e8       ?System.Data.SQLite.SQLiteConnectionStringBuilder.get_Password@@20000O 1000c1e8 f   System.Data.SQLite.netmodule
 0001:0000b20c       ?System.Data.SQLite.SQLiteConnectionStringBuilder.set_Password@@2001010O 1000c20c f   System.Data.SQLite.netmodule
 0001:0000b228       ?System.Data.SQLite.SQLiteConnectionStringBuilder.get_PageSize@@200008 1000c228 f   System.Data.SQLite.netmodule
 0001:0000b250       ?System.Data.SQLite.SQLiteConnectionStringBuilder.set_PageSize@@20010108 1000c250 f   System.Data.SQLite.netmodule
 0001:0000b270       ?System.Data.SQLite.SQLiteConnectionStringBuilder.get_MaxPageCount@@200008 1000c270 f   System.Data.SQLite.netmodule
 0001:0000b298       ?System.Data.SQLite.SQLiteConnectionStringBuilder.set_MaxPageCount@@20010108 1000c298 f   System.Data.SQLite.netmodule
 0001:0000b2b8       ?System.Data.SQLite.SQLiteConnectionStringBuilder.get_CacheSize@@200008 1000c2b8 f   System.Data.SQLite.netmodule
 0001:0000b2e0       ?System.Data.SQLite.SQLiteConnectionStringBuilder.set_CacheSize@@20010108 1000c2e0 f   System.Data.SQLite.netmodule
 0001:0000b300       ?System.Data.SQLite.SQLiteConnectionStringBuilder.get_DateTimeFormat@@2000118080 1000c300 f   System.Data.SQLite.netmodule
 0001:0000b34c       ?System.Data.SQLite.SQLiteConnectionStringBuilder.set_DateTimeFormat@@200101118080 1000c34c f   System.Data.SQLite.netmodule
 0001:0000b36c       ?System.Data.SQLite.SQLiteConnectionStringBuilder.get_DateTimeKind@@20001171 1000c36c f   System.Data.SQLite.netmodule
 0001:0000b3b8       ?System.Data.SQLite.SQLiteConnectionStringBuilder.set_DateTimeKind@@2001011171 1000c3b8 f   System.Data.SQLite.netmodule
 0001:0000b3d8       ?System.Data.SQLite.SQLiteConnectionStringBuilder.get_BaseSchemaName@@20000O 1000c3d8 f   System.Data.SQLite.netmodule
 0001:0000b410       ?System.Data.SQLite.SQLiteConnectionStringBuilder.set_BaseSchemaName@@2001010O 1000c410 f   System.Data.SQLite.netmodule
 0001:0000b42c       ?System.Data.SQLite.SQLiteConnectionStringBuilder.get_JournalMode@@2000118084 1000c42c f   System.Data.SQLite.netmodule
 0001:0000b470       ?System.Data.SQLite.SQLiteConnectionStringBuilder.set_JournalMode@@200101118084 1000c470 f   System.Data.SQLite.netmodule
 0001:0000b490       ?System.Data.SQLite.SQLiteConnectionStringBuilder.get_DefaultIsolationLevel@@20001180K9 1000c490 f   System.Data.SQLite.netmodule
 0001:0000b4d4       ?System.Data.SQLite.SQLiteConnectionStringBuilder.set_DefaultIsolationLevel@@2001011180K9 1000c4d4 f   System.Data.SQLite.netmodule
 0001:0000b4f4       ?System.Data.SQLite.SQLiteConnectionStringBuilder.get_ForeignKeys@@200002 1000c4f4 f   System.Data.SQLite.netmodule
 0001:0000b518       ?System.Data.SQLite.SQLiteConnectionStringBuilder.set_ForeignKeys@@20010102 1000c518 f   System.Data.SQLite.netmodule
 0001:0000b538       ?System.Data.SQLite.SQLiteConnectionStringBuilder.get_Flags@@20001128 1000c538 f   System.Data.SQLite.netmodule
 0001:0000b584       ?System.Data.SQLite.SQLiteConnectionStringBuilder.set_Flags@@2001011128 1000c584 f   System.Data.SQLite.netmodule
 0001:0000b5a4       ?System.Data.SQLite.SQLiteConnectionStringBuilder.get_SetDefaults@@200002 1000c5a4 f   System.Data.SQLite.netmodule
 0001:0000b5c8       ?System.Data.SQLite.SQLiteConnectionStringBuilder.set_SetDefaults@@20010102 1000c5c8 f   System.Data.SQLite.netmodule
 0001:0000b5e8       ?System.Data.SQLite.SQLiteConnectionStringBuilder.get_ToFullPath@@200002 1000c5e8 f   System.Data.SQLite.netmodule
 0001:0000b60c       ?System.Data.SQLite.SQLiteConnectionStringBuilder.set_ToFullPath@@20010102 1000c60c f   System.Data.SQLite.netmodule
 0001:0000b62c       ?System.Data.SQLite.SQLiteConnectionStringBuilder.TryGetValue@@2002020O101M 1000c62c f   System.Data.SQLite.netmodule
 0001:0000b6d0       ?System.Data.SQLite.SQLiteConnectionStringBuilder.FallbackGetProperties@@2001011280M5 1000c6d0 f   System.Data.SQLite.netmodule
 0001:0000b75c       ?System.Data.SQLite.SQLiteType..ctor@@200001 1000c75c f   System.Data.SQLite.netmodule
 0001:0000b770       ?System.Data.SQLite.SQLiteTypeNames..ctor@@2002010O1179 1000c770 f   System.Data.SQLite.netmodule
 0001:0000b78c       ?System.Data.SQLite.TypeNameStringComparer.Equals@@2002020O0O 1000c78c f   System.Data.SQLite.netmodule
 0001:0000b7a4       ?System.Data.SQLite.TypeNameStringComparer.GetHashCode@@2001080O 1000c7a4 f   System.Data.SQLite.netmodule
 0001:0000b7cc       ?System.Data.SQLite.TypeNameStringComparer..ctor@@200001 1000c7cc f   System.Data.SQLite.netmodule
 0001:0000b7e0       ?System.Data.SQLite.SQLiteDataAdapter..ctor@@200001 1000c7e0 f   System.Data.SQLite.netmodule
 0001:0000b7f4       ?System.Data.SQLite.SQLiteDataAdapter..ctor@@2001011230 1000c7f4 f   System.Data.SQLite.netmodule
 0001:0000b810       ?System.Data.SQLite.SQLiteDataAdapter..ctor@@2002010O1238 1000c810 f   System.Data.SQLite.netmodule
 0001:0000b830       ?System.Data.SQLite.SQLiteDataAdapter..ctor@@2002010O0O 1000c830 f   System.Data.SQLite.netmodule
 0001:0000b858       ?System.Data.SQLite.SQLiteDataAdapter.CheckDisposed@@200001 1000c858 f   System.Data.SQLite.netmodule
 0001:0000b884       ?System.Data.SQLite.SQLiteDataAdapter.Dispose@@20010102 1000c884 f   System.Data.SQLite.netmodule
 0001:0000b8c8       ?System.Data.SQLite.SQLiteDataAdapter.add_RowUpdating@@200101151280M90112809N 1000c8c8 f   System.Data.SQLite.netmodule
 0001:0000b934       ?System.Data.SQLite.SQLiteDataAdapter.remove_RowUpdating@@200101151280M90112809N 1000c934 f   System.Data.SQLite.netmodule
 0001:0000b958       ?System.Data.SQLite.SQLiteDataAdapter.FindBuilder@@00011280MN1205 1000c958 f   System.Data.SQLite.netmodule
 0001:0000b994       ?System.Data.SQLite.SQLiteDataAdapter.add_RowUpdated@@200101151280M9011280N1 1000c994 f   System.Data.SQLite.netmodule
 0001:0000b9b8       ?System.Data.SQLite.SQLiteDataAdapter.remove_RowUpdated@@200101151280M9011280N1 1000c9b8 f   System.Data.SQLite.netmodule
 0001:0000b9dc       ?System.Data.SQLite.SQLiteDataAdapter.OnRowUpdating@@20010112809N 1000c9dc f   System.Data.SQLite.netmodule
 0001:0000ba0c       ?System.Data.SQLite.SQLiteDataAdapter.OnRowUpdated@@2001011280N1 1000ca0c f   System.Data.SQLite.netmodule
 0001:0000ba3c       ?System.Data.SQLite.SQLiteDataAdapter.get_SelectCommand@@20001230 1000ca3c f   System.Data.SQLite.netmodule
 0001:0000ba5c       ?System.Data.SQLite.SQLiteDataAdapter.set_SelectCommand@@2001011230 1000ca5c f   System.Data.SQLite.netmodule
 0001:0000ba78       ?System.Data.SQLite.SQLiteDataAdapter.get_InsertCommand@@20001230 1000ca78 f   System.Data.SQLite.netmodule
 0001:0000ba98       ?System.Data.SQLite.SQLiteDataAdapter.set_InsertCommand@@2001011230 1000ca98 f   System.Data.SQLite.netmodule
 0001:0000bab4       ?System.Data.SQLite.SQLiteDataAdapter.get_UpdateCommand@@20001230 1000cab4 f   System.Data.SQLite.netmodule
 0001:0000bad4       ?System.Data.SQLite.SQLiteDataAdapter.set_UpdateCommand@@2001011230 1000cad4 f   System.Data.SQLite.netmodule
 0001:0000baf0       ?System.Data.SQLite.SQLiteDataAdapter.get_DeleteCommand@@20001230 1000caf0 f   System.Data.SQLite.netmodule
 0001:0000bb10       ?System.Data.SQLite.SQLiteDataAdapter.set_DeleteCommand@@2001011230 1000cb10 f   System.Data.SQLite.netmodule
 0001:0000bb2c       ?System.Data.SQLite.SQLiteDataAdapter..cctor@@000001 1000cb2c f   System.Data.SQLite.netmodule
 0001:0000bb50       ?System.Data.SQLite.SQLiteDataReader..ctor@@2002011230118091 1000cb50 f   System.Data.SQLite.netmodule
 0001:0000bbc4       ?System.Data.SQLite.SQLiteDataReader.CheckDisposed@@200001 1000cbc4 f   System.Data.SQLite.netmodule
 0001:0000bbf8       ?System.Data.SQLite.SQLiteDataReader.Dispose@@20010102 1000cbf8 f   System.Data.SQLite.netmodule
 0001:0000bc44       ?System.Data.SQLite.SQLiteDataReader.Cancel@@200001 1000cc44 f   System.Data.SQLite.netmodule
 0001:0000bc5c       ?System.Data.SQLite.SQLiteDataReader.Close@@200001 1000cc5c f   System.Data.SQLite.netmodule
 0001:0000bd70       ?System.Data.SQLite.SQLiteDataReader.CheckClosed@@200001 1000cd70 f   System.Data.SQLite.netmodule
 0001:0000bde8       ?System.Data.SQLite.SQLiteDataReader.CheckValidRow@@200001 1000cde8 f   System.Data.SQLite.netmodule
 0001:0000be08       ?System.Data.SQLite.SQLiteDataReader.GetEnumerator@@20001280N5 1000ce08 f   System.Data.SQLite.netmodule
 0001:0000be30       ?System.Data.SQLite.SQLiteDataReader.get_Depth@@200008 1000ce30 f   System.Data.SQLite.netmodule
 0001:0000be4c       ?System.Data.SQLite.SQLiteDataReader.get_FieldCount@@200008 1000ce4c f   System.Data.SQLite.netmodule
 0001:0000be88       ?System.Data.SQLite.SQLiteDataReader.get_VisibleFieldCount@@200008 1000ce88 f   System.Data.SQLite.netmodule
 0001:0000bea8       ?System.Data.SQLite.SQLiteDataReader.VerifyType@@2002117M081179 1000cea8 f   System.Data.SQLite.netmodule
 0001:0000bf84       ?System.Data.SQLite.SQLiteDataReader.GetBoolean@@20010208 1000cf84 f   System.Data.SQLite.netmodule
 0001:0000bfd8       ?System.Data.SQLite.SQLiteDataReader.GetByte@@20010508 1000cfd8 f   System.Data.SQLite.netmodule
 0001:0000c038       ?System.Data.SQLite.SQLiteDataReader.GetBytes@@20050K080K1N050808 1000d038 f   System.Data.SQLite.netmodule
 0001:0000c0a0       ?System.Data.SQLite.SQLiteDataReader.GetChar@@20010308 1000d0a0 f   System.Data.SQLite.netmodule
 0001:0000c100       ?System.Data.SQLite.SQLiteDataReader.GetChars@@20050K080K1N030808 1000d100 f   System.Data.SQLite.netmodule
 0001:0000c168       ?System.Data.SQLite.SQLiteDataReader.GetDataTypeName@@20010O08 1000d168 f   System.Data.SQLite.netmodule
 0001:0000c1dc       ?System.Data.SQLite.SQLiteDataReader.GetDateTime@@2001116908 1000d1dc f   System.Data.SQLite.netmodule
 0001:0000c234       ?System.Data.SQLite.SQLiteDataReader.GetDecimal@@20011180N908 1000d234 f   System.Data.SQLite.netmodule
 0001:0000c29c       ?System.Data.SQLite.SQLiteDataReader.GetDouble@@20010N08 1000d29c f   System.Data.SQLite.netmodule
 0001:0000c2f4       ?System.Data.SQLite.SQLiteDataReader.GetFieldType@@2001127508 1000d2f4 f   System.Data.SQLite.netmodule
 0001:0000c338       ?System.Data.SQLite.SQLiteDataReader.GetFloat@@20010M08 1000d338 f   System.Data.SQLite.netmodule
 0001:0000c398       ?System.Data.SQLite.SQLiteDataReader.GetGuid@@20011180NN08 1000d398 f   System.Data.SQLite.netmodule
 0001:0000c428       ?System.Data.SQLite.SQLiteDataReader.GetInt16@@20010608 1000d428 f   System.Data.SQLite.netmodule
 0001:0000c488       ?System.Data.SQLite.SQLiteDataReader.GetInt32@@20010808 1000d488 f   System.Data.SQLite.netmodule
 0001:0000c4e4       ?System.Data.SQLite.SQLiteDataReader.GetInt64@@20010K08 1000d4e4 f   System.Data.SQLite.netmodule
 0001:0000c540       ?System.Data.SQLite.SQLiteDataReader.GetName@@20010O08 1000d540 f   System.Data.SQLite.netmodule
 0001:0000c590       ?System.Data.SQLite.SQLiteDataReader.GetOrdinal@@2001080O 1000d590 f   System.Data.SQLite.netmodule
 0001:0000c5e8       ?System.Data.SQLite.SQLiteDataReader.GetSchemaTable@@20001280K5 1000d5e8 f   System.Data.SQLite.netmodule
 0001:0000c604       ?System.Data.SQLite.SQLiteDataReader.GetStatementColumnParents@@0005011210128104081015127N021280K01512808901081015127N02081280K0 1000d604 f   System.Data.SQLite.netmodule
 0001:0000c6b0       ?System.Data.SQLite.SQLiteDataReader.GetSchemaTable@@20021280K50202 1000d6b0 f   System.Data.SQLite.netmodule
 0001:0000d10c       ?System.Data.SQLite.SQLiteDataReader.GetString@@20010O08 1000e10c f   System.Data.SQLite.netmodule
 0001:0000d168       ?System.Data.SQLite.SQLiteDataReader.GetValue@@20011M08 1000e168 f   System.Data.SQLite.netmodule
 0001:0000d1c0       ?System.Data.SQLite.SQLiteDataReader.GetValues@@2001081N1M 1000e1c0 f   System.Data.SQLite.netmodule
 0001:0000d1fc       ?System.Data.SQLite.SQLiteDataReader.GetValues@@20001280O1 1000e1fc f   System.Data.SQLite.netmodule
 0001:0000d280       ?System.Data.SQLite.SQLiteDataReader.get_HasRows@@200002 1000e280 f   System.Data.SQLite.netmodule
 0001:0000d2a8       ?System.Data.SQLite.SQLiteDataReader.get_IsClosed@@200002 1000e2a8 f   System.Data.SQLite.netmodule
 0001:0000d2c4       ?System.Data.SQLite.SQLiteDataReader.IsDBNull@@20010208 1000e2c4 f   System.Data.SQLite.netmodule
 0001:0000d314       ?System.Data.SQLite.SQLiteDataReader.NextResult@@200002 1000e314 f   System.Data.SQLite.netmodule
 0001:0000d4d4       ?System.Data.SQLite.SQLiteDataReader.GetSQLiteType@@200112808M08 1000e4d4 f   System.Data.SQLite.netmodule
 0001:0000d56c       ?System.Data.SQLite.SQLiteDataReader.Read@@200002 1000e56c f   System.Data.SQLite.netmodule
 0001:0000d5e0       ?System.Data.SQLite.SQLiteDataReader.get_RecordsAffected@@200008 1000e5e0 f   System.Data.SQLite.netmodule
 0001:0000d604       ?System.Data.SQLite.SQLiteDataReader.get_Item@@20011M0O 1000e604 f   System.Data.SQLite.netmodule
 0001:0000d624       ?System.Data.SQLite.SQLiteDataReader.get_Item@@20011M08 1000e624 f   System.Data.SQLite.netmodule
 0001:0000d640       ?System.Data.SQLite.SQLiteDataReader.LoadKeyInfo@@200001 1000e640 f   System.Data.SQLite.netmodule
 0001:0000d684       ?System.Data.SQLite.SQLiteDataReader.ColumnParent..ctor@@200001 1000e684 f   System.Data.SQLite.netmodule
 0001:0000d698       ?System.Data.SQLite.SQLiteDataReader.ColumnParent..ctor@@2003010O0O0O 1000e698 f   System.Data.SQLite.netmodule
 0001:0000d6c0       ?System.Data.SQLite.SQLiteDataReader.ColumnParent.Equals@@2002021280K01280K0 1000e6c0 f   System.Data.SQLite.netmodule
 0001:0000d720       ?System.Data.SQLite.SQLiteDataReader.ColumnParent.GetHashCode@@2001081280K0 1000e720 f   System.Data.SQLite.netmodule
 0001:0000d77c       ?System.Data.SQLite.SQLiteDefineConstants..cctor@@000001 1000e77c f   System.Data.SQLite.netmodule
 0001:0000d7dc       ?System.Data.SQLite.SQLiteException..ctor@@2002011280O91180ON 1000e7dc f   System.Data.SQLite.netmodule
 0001:0000d7f4       ?System.Data.SQLite.SQLiteException..ctor@@200201080O 1000e7f4 f   System.Data.SQLite.netmodule
 0001:0000d818       ?System.Data.SQLite.SQLiteException..ctor@@2001010O 1000e818 f   System.Data.SQLite.netmodule
 0001:0000d82c       ?System.Data.SQLite.SQLiteException..ctor@@200001 1000e82c f   System.Data.SQLite.netmodule
 0001:0000d840       ?System.Data.SQLite.SQLiteException..ctor@@2002010O1280P1 1000e840 f   System.Data.SQLite.netmodule
 0001:0000d858       ?System.Data.SQLite.SQLiteException.get_ErrorCode@@20001180KM 1000e858 f   System.Data.SQLite.netmodule
 0001:0000d86c       ?System.Data.SQLite.SQLiteException.GetStockErrorMessage@@00020O080O 1000e86c f   System.Data.SQLite.netmodule
 0001:0000d8b8       ?System.Data.SQLite.SQLiteException..cctor@@000001 1000e8b8 f   System.Data.SQLite.netmodule
 0001:0000d9c0       ?System.Data.SQLite.SQLiteFactory..ctor@@200001 1000e9c0 f   System.Data.SQLite.netmodule
 0001:0000d9d4       ?System.Data.SQLite.SQLiteFactory.Dispose@@200001 1000e9d4 f   System.Data.SQLite.netmodule
 0001:0000d9f0       ?System.Data.SQLite.SQLiteFactory.CheckDisposed@@200001 1000e9f0 f   System.Data.SQLite.netmodule
 0001:0000da1c       ?System.Data.SQLite.SQLiteFactory.Dispose@@20010102 1000ea1c f   System.Data.SQLite.netmodule
 0001:0000da38       ?System.Data.SQLite.SQLiteFactory.Finalize@@200001 1000ea38 f   System.Data.SQLite.netmodule
 0001:0000da74       ?System.Data.SQLite.SQLiteFactory.add_Log@@2001011280P0 1000ea74 f   System.Data.SQLite.netmodule
 0001:0000da90       ?System.Data.SQLite.SQLiteFactory.remove_Log@@2001011280P0 1000ea90 f   System.Data.SQLite.netmodule
 0001:0000daac       ?System.Data.SQLite.SQLiteFactory.CreateCommand@@20001215 1000eaac f   System.Data.SQLite.netmodule
 0001:0000dac4       ?System.Data.SQLite.SQLiteFactory.CreateCommandBuilder@@2000121N 1000eac4 f   System.Data.SQLite.netmodule
 0001:0000dadc       ?System.Data.SQLite.SQLiteFactory.CreateConnection@@20001221 1000eadc f   System.Data.SQLite.netmodule
 0001:0000daf4       ?System.Data.SQLite.SQLiteFactory.CreateConnectionStringBuilder@@20001229 1000eaf4 f   System.Data.SQLite.netmodule
 0001:0000db0c       ?System.Data.SQLite.SQLiteFactory.CreateDataAdapter@@20001235 1000eb0c f   System.Data.SQLite.netmodule
 0001:0000db24       ?System.Data.SQLite.SQLiteFactory.CreateParameter@@2000124N 1000eb24 f   System.Data.SQLite.netmodule
 0001:0000db3c       ?System.Data.SQLite.SQLiteFactory..cctor@@000001 1000eb3c f   System.Data.SQLite.netmodule
 0001:0000db84       ?System.Data.SQLite.SQLiteFactory.System.IServiceProvider.GetService@@20011M1275 1000eb84 f   System.Data.SQLite.netmodule
 0001:0000dbb8       ?System.Data.SQLite.SQLiteFactory.GetSQLiteProviderServicesInstance@@20001M 1000ebb8 f   System.Data.SQLite.netmodule
 0001:0000dc28       ?System.Data.SQLite.SQLiteFunction..ctor@@200001 1000ec28 f   System.Data.SQLite.netmodule
 0001:0000dc48       ?System.Data.SQLite.SQLiteFunction.Dispose@@200001 1000ec48 f   System.Data.SQLite.netmodule
 0001:0000dc64       ?System.Data.SQLite.SQLiteFunction.CheckDisposed@@200001 1000ec64 f   System.Data.SQLite.netmodule
 0001:0000dc90       ?System.Data.SQLite.SQLiteFunction.Dispose@@20010102 1000ec90 f   System.Data.SQLite.netmodule
 0001:0000dd58       ?System.Data.SQLite.SQLiteFunction.Finalize@@200001 1000ed58 f   System.Data.SQLite.netmodule
 0001:0000dd94       ?System.Data.SQLite.SQLiteFunction.get_SQLiteConvert@@2000120M 1000ed94 f   System.Data.SQLite.netmodule
 0001:0000ddb0       ?System.Data.SQLite.SQLiteFunction.Invoke@@20011M1N1M 1000edb0 f   System.Data.SQLite.netmodule
 0001:0000ddc4       ?System.Data.SQLite.SQLiteFunction.Step@@2003011N1M08101M 1000edc4 f   System.Data.SQLite.netmodule
 0001:0000ddd8       ?System.Data.SQLite.SQLiteFunction.Final@@20011M1M 1000edd8 f   System.Data.SQLite.netmodule
 0001:0000ddec       ?System.Data.SQLite.SQLiteFunction.Compare@@2002080O0O 1000edec f   System.Data.SQLite.netmodule
 0001:0000de00       ?System.Data.SQLite.SQLiteFunction.ConvertParams@@20021N1M0818 1000ee00 f   System.Data.SQLite.netmodule
 0001:0000df6c       ?System.Data.SQLite.SQLiteFunction.SetReturnValue@@200201181M 1000ef6c f   System.Data.SQLite.netmodule
 0001:0000e068       ?System.Data.SQLite.SQLiteFunction.ScalarCallback@@200301180818 1000f068 f   System.Data.SQLite.netmodule
 0001:0000e100       ?System.Data.SQLite.SQLiteFunction.CompareCallback@@2005081808180818 1000f100 f   System.Data.SQLite.netmodule
 0001:0000e1a8       ?System.Data.SQLite.SQLiteFunction.CompareCallback16@@2005081808180818 1000f1a8 f   System.Data.SQLite.netmodule
 0001:0000e250       ?System.Data.SQLite.SQLiteFunction.StepCallback@@200301180818 1000f250 f   System.Data.SQLite.netmodule
 0001:0000e364       ?System.Data.SQLite.SQLiteFunction.FinalCallback@@20010118 1000f364 f   System.Data.SQLite.netmodule
 0001:0000e468       ?System.Data.SQLite.SQLiteFunction..cctor@@000001 1000f468 f   System.Data.SQLite.netmodule
 0001:0000e5b0       ?System.Data.SQLite.SQLiteFunction.RegisterFunction@@0001011275 1000f5b0 f   System.Data.SQLite.netmodule
 0001:0000e600       ?System.Data.SQLite.SQLiteFunction.BindFunctions@@00021N1280L412101128 1000f600 f   System.Data.SQLite.netmodule
 0001:0000e784       ?System.Data.SQLite.SQLiteFunction.AggregateData..ctor@@200001 1000f784 f   System.Data.SQLite.netmodule
 0001:0000e7a0       ?System.Data.SQLite.SQLiteFunctionEx.GetCollationSequence@@20001180N8 1000f7a0 f   System.Data.SQLite.netmodule
 0001:0000e7c0       ?System.Data.SQLite.SQLiteFunctionEx.CheckDisposed@@200001 1000f7c0 f   System.Data.SQLite.netmodule
 0001:0000e7ec       ?System.Data.SQLite.SQLiteFunctionEx.Dispose@@20010102 1000f7ec f   System.Data.SQLite.netmodule
 0001:0000e830       ?System.Data.SQLite.SQLiteFunctionEx..ctor@@200001 1000f830 f   System.Data.SQLite.netmodule
 0001:0000e844       ?System.Data.SQLite.CollationSequence.Compare@@2002080O0O 1000f844 f   System.Data.SQLite.netmodule
 0001:0000e874       ?System.Data.SQLite.CollationSequence.Compare@@2002081N031N03 1000f874 f   System.Data.SQLite.netmodule
 0001:0000e8a4       ?System.Data.SQLite.SQLiteFunctionAttribute..ctor@@200001 1000f8a4 f   System.Data.SQLite.netmodule
 0001:0000e8d0       ?System.Data.SQLite.SQLiteFunctionAttribute.get_Name@@20000O 1000f8d0 f   System.Data.SQLite.netmodule
 0001:0000e8e4       ?System.Data.SQLite.SQLiteFunctionAttribute.set_Name@@2001010O 1000f8e4 f   System.Data.SQLite.netmodule
 0001:0000e8f8       ?System.Data.SQLite.SQLiteFunctionAttribute.get_Arguments@@200008 1000f8f8 f   System.Data.SQLite.netmodule
 0001:0000e90c       ?System.Data.SQLite.SQLiteFunctionAttribute.set_Arguments@@20010108 1000f90c f   System.Data.SQLite.netmodule
 0001:0000e920       ?System.Data.SQLite.SQLiteFunctionAttribute.get_FuncType@@20001180M0 1000f920 f   System.Data.SQLite.netmodule
 0001:0000e934       ?System.Data.SQLite.SQLiteFunctionAttribute.set_FuncType@@2001011180M0 1000f934 f   System.Data.SQLite.netmodule
 0001:0000e948       ?System.Data.SQLite.SQLiteKeyReader..ctor@@200301123812809M128104 1000f948 f   System.Data.SQLite.netmodule
 0001:0000f000       ?System.Data.SQLite.SQLiteKeyReader.Dispose@@200001 10010000 f   System.Data.SQLite.netmodule
 0001:0000f01c       ?System.Data.SQLite.SQLiteKeyReader.CheckDisposed@@200001 1001001c f   System.Data.SQLite.netmodule
 0001:0000f048       ?System.Data.SQLite.SQLiteKeyReader.Dispose@@20010102 10010048 f   System.Data.SQLite.netmodule
 0001:0000f0bc       ?System.Data.SQLite.SQLiteKeyReader.Finalize@@200001 100100bc f   System.Data.SQLite.netmodule
 0001:0000f0f8       ?System.Data.SQLite.SQLiteKeyReader.get_Count@@200008 100100f8 f   System.Data.SQLite.netmodule
 0001:0000f118       ?System.Data.SQLite.SQLiteKeyReader.Sync@@20010108 10010118 f   System.Data.SQLite.netmodule
 0001:0000f148       ?System.Data.SQLite.SQLiteKeyReader.Sync@@200001 10010148 f   System.Data.SQLite.netmodule
 0001:0000f1e4       ?System.Data.SQLite.SQLiteKeyReader.Reset@@200001 100101e4 f   System.Data.SQLite.netmodule
 0001:0000f240       ?System.Data.SQLite.SQLiteKeyReader.GetDataTypeName@@20010O08 10010240 f   System.Data.SQLite.netmodule
 0001:0000f298       ?System.Data.SQLite.SQLiteKeyReader.GetFieldType@@2001127508 10010298 f   System.Data.SQLite.netmodule
 0001:0000f2f8       ?System.Data.SQLite.SQLiteKeyReader.GetName@@20010O08 100102f8 f   System.Data.SQLite.netmodule
 0001:0000f318       ?System.Data.SQLite.SQLiteKeyReader.GetOrdinal@@2001080O 10010318 f   System.Data.SQLite.netmodule
 0001:0000f358       ?System.Data.SQLite.SQLiteKeyReader.GetBoolean@@20010208 10010358 f   System.Data.SQLite.netmodule
 0001:0000f3b4       ?System.Data.SQLite.SQLiteKeyReader.GetByte@@20010508 100103b4 f   System.Data.SQLite.netmodule
 0001:0000f410       ?System.Data.SQLite.SQLiteKeyReader.GetBytes@@20050K080K1N050808 10010410 f   System.Data.SQLite.netmodule
 0001:0000f470       ?System.Data.SQLite.SQLiteKeyReader.GetChar@@20010308 10010470 f   System.Data.SQLite.netmodule
 0001:0000f4cc       ?System.Data.SQLite.SQLiteKeyReader.GetChars@@20050K080K1N030808 100104cc f   System.Data.SQLite.netmodule
 0001:0000f52c       ?System.Data.SQLite.SQLiteKeyReader.GetDateTime@@2001116908 1001052c f   System.Data.SQLite.netmodule
 0001:0000f588       ?System.Data.SQLite.SQLiteKeyReader.GetDecimal@@20011180N908 10010588 f   System.Data.SQLite.netmodule
[...]
  ordinal    name

        1    _sqlite3_activate_see
               exported name: sqlite3_activate_see
        2    _sqlite3_aggregate_context
               exported name: sqlite3_aggregate_context
        3    _sqlite3_aggregate_count
               exported name: sqlite3_aggregate_count
        4    _sqlite3_auto_extension
               exported name: sqlite3_auto_extension
        5    _sqlite3_backup_finish
               exported name: sqlite3_backup_finish
        6    _sqlite3_backup_init
               exported name: sqlite3_backup_init
        7    _sqlite3_backup_pagecount
               exported name: sqlite3_backup_pagecount
        8    _sqlite3_backup_remaining
               exported name: sqlite3_backup_remaining
        9    _sqlite3_backup_step
               exported name: sqlite3_backup_step
       10    _sqlite3_bind_blob
               exported name: sqlite3_bind_blob
       11    _sqlite3_bind_double
               exported name: sqlite3_bind_double
       12    _sqlite3_bind_double_interop@12
       13    _sqlite3_bind_int
               exported name: sqlite3_bind_int
       14    _sqlite3_bind_int64
               exported name: sqlite3_bind_int64
       15    _sqlite3_bind_int64_interop@12
       16    _sqlite3_bind_null
               exported name: sqlite3_bind_null
       17    _sqlite3_bind_parameter_count
               exported name: sqlite3_bind_parameter_count
       18    _sqlite3_bind_parameter_index
               exported name: sqlite3_bind_parameter_index
       19    _sqlite3_bind_parameter_name
               exported name: sqlite3_bind_parameter_name
       20    _sqlite3_bind_parameter_name_interop@12
       21    _sqlite3_bind_text
               exported name: sqlite3_bind_text
       22    _sqlite3_bind_text16
               exported name: sqlite3_bind_text16
       23    _sqlite3_bind_value
               exported name: sqlite3_bind_value
       24    _sqlite3_bind_zeroblob
               exported name: sqlite3_bind_zeroblob
       25    _sqlite3_blob_bytes
               exported name: sqlite3_blob_bytes
       26    _sqlite3_blob_close
               exported name: sqlite3_blob_close
       27    _sqlite3_blob_open
               exported name: sqlite3_blob_open
       28    _sqlite3_blob_read
               exported name: sqlite3_blob_read
       29    _sqlite3_blob_reopen
               exported name: sqlite3_blob_reopen
       30    _sqlite3_blob_write
               exported name: sqlite3_blob_write
       31    _sqlite3_busy_handler
               exported name: sqlite3_busy_handler
       32    _sqlite3_busy_timeout
               exported name: sqlite3_busy_timeout
       33    _sqlite3_changes
               exported name: sqlite3_changes
       34    _sqlite3_clear_bindings
               exported name: sqlite3_clear_bindings
       35    _sqlite3_close
               exported name: sqlite3_close
       36    _sqlite3_close_interop@4
       37    _sqlite3_close_v2
               exported name: sqlite3_close_v2
       38    _sqlite3_collation_needed
               exported name: sqlite3_collation_needed
       39    _sqlite3_collation_needed16
               exported name: sqlite3_collation_needed16
       40    _sqlite3_column_blob
               exported name: sqlite3_column_blob
       41    _sqlite3_column_bytes
               exported name: sqlite3_column_bytes
       42    _sqlite3_column_bytes16
               exported name: sqlite3_column_bytes16
       43    _sqlite3_column_count
               exported name: sqlite3_column_count
       44    _sqlite3_column_database_name
               exported name: sqlite3_column_database_name
       45    _sqlite3_column_database_name16
               exported name: sqlite3_column_database_name16
       46    _sqlite3_column_database_name16_interop@12
       47    _sqlite3_column_database_name_interop@12
       48    _sqlite3_column_decltype
               exported name: sqlite3_column_decltype
       49    _sqlite3_column_decltype16
               exported name: sqlite3_column_decltype16
       50    _sqlite3_column_decltype16_interop@12
       51    _sqlite3_column_decltype_interop@12
       52    _sqlite3_column_double
               exported name: sqlite3_column_double
       53    _sqlite3_column_double_interop@12
       54    _sqlite3_column_int
               exported name: sqlite3_column_int
       55    _sqlite3_column_int64
               exported name: sqlite3_column_int64
       56    _sqlite3_column_int64_interop@12
       57    _sqlite3_column_name
               exported name: sqlite3_column_name
       58    _sqlite3_column_name16
               exported name: sqlite3_column_name16
       59    _sqlite3_column_name16_interop@12
       60    _sqlite3_column_name_interop@12
       61    _sqlite3_column_origin_name
               exported name: sqlite3_column_origin_name
       62    _sqlite3_column_origin_name16
               exported name: sqlite3_column_origin_name16
       63    _sqlite3_column_origin_name16_interop@12
       64    _sqlite3_column_origin_name_interop@12
       65    _sqlite3_column_table_name
               exported name: sqlite3_column_table_name
       66    _sqlite3_column_table_name16
               exported name: sqlite3_column_table_name16
       67    _sqlite3_column_table_name16_interop@12
       68    _sqlite3_column_table_name_interop@12
       69    _sqlite3_column_text
               exported name: sqlite3_column_text
       70    _sqlite3_column_text16
               exported name: sqlite3_column_text16
       71    _sqlite3_column_text16_interop@12
       72    _sqlite3_column_text_interop@12
       73    _sqlite3_column_type
               exported name: sqlite3_column_type
       74    _sqlite3_column_value
               exported name: sqlite3_column_value
       75    _sqlite3_commit_hook
               exported name: sqlite3_commit_hook
       76    _sqlite3_compileoption_get
               exported name: sqlite3_compileoption_get
       77    _sqlite3_compileoption_used
               exported name: sqlite3_compileoption_used
       78    _sqlite3_complete
               exported name: sqlite3_complete
       79    _sqlite3_complete16
               exported name: sqlite3_complete16
       80    _sqlite3_config
               exported name: sqlite3_config
       81    _sqlite3_context_collcompare@20
       82    _sqlite3_context_collseq@16
       83    _sqlite3_context_db_handle
               exported name: sqlite3_context_db_handle
       84    _sqlite3_create_collation
               exported name: sqlite3_create_collation
       85    _sqlite3_create_collation16
               exported name: sqlite3_create_collation16
       86    _sqlite3_create_collation_v2
               exported name: sqlite3_create_collation_v2
       87    _sqlite3_create_function
               exported name: sqlite3_create_function
       88    _sqlite3_create_function16
               exported name: sqlite3_create_function16
       89    _sqlite3_create_function_interop@36
       90    _sqlite3_create_function_v2
               exported name: sqlite3_create_function_v2
       91    _sqlite3_create_module
               exported name: sqlite3_create_module
       92    _sqlite3_create_module_v2
               exported name: sqlite3_create_module_v2
       93    _sqlite3_cursor_rowid@12
       94    _sqlite3_data_count
               exported name: sqlite3_data_count
       95    _sqlite3_data_directory
               exported name: sqlite3_data_directory
       96    _sqlite3_db_config
               exported name: sqlite3_db_config
       97    _sqlite3_db_filename
               exported name: sqlite3_db_filename
       98    _sqlite3_db_handle
               exported name: sqlite3_db_handle
       99    _sqlite3_db_mutex
               exported name: sqlite3_db_mutex
      100    _sqlite3_db_readonly
               exported name: sqlite3_db_readonly
      101    _sqlite3_db_release_memory
               exported name: sqlite3_db_release_memory
      102    _sqlite3_db_status
               exported name: sqlite3_db_status
      103    _sqlite3_declare_vtab
               exported name: sqlite3_declare_vtab
      104    _sqlite3_enable_load_extension
               exported name: sqlite3_enable_load_extension
      105    _sqlite3_enable_shared_cache
               exported name: sqlite3_enable_shared_cache
      106    _sqlite3_errcode
               exported name: sqlite3_errcode
      107    _sqlite3_errmsg
               exported name: sqlite3_errmsg
      108    _sqlite3_errmsg16
               exported name: sqlite3_errmsg16
      109    _sqlite3_errmsg_interop@8
      110    _sqlite3_exec
               exported name: sqlite3_exec
      111    _sqlite3_expired
               exported name: sqlite3_expired
      112    _sqlite3_extended_errcode
               exported name: sqlite3_extended_errcode
      113    _sqlite3_extended_result_codes
               exported name: sqlite3_extended_result_codes
      114    _sqlite3_file_control
               exported name: sqlite3_file_control
      115    _sqlite3_finalize
               exported name: sqlite3_finalize
      116    _sqlite3_finalize_interop@4
      117    _sqlite3_free
               exported name: sqlite3_free
      118    _sqlite3_free_table
               exported name: sqlite3_free_table
      119    _sqlite3_get_autocommit
               exported name: sqlite3_get_autocommit
      120    _sqlite3_get_auxdata
               exported name: sqlite3_get_auxdata
      121    _sqlite3_get_table
               exported name: sqlite3_get_table
      122    _sqlite3_global_recover
               exported name: sqlite3_global_recover
      123    _sqlite3_index_column_info_interop@32
      124    _sqlite3_initialize
               exported name: sqlite3_initialize
      125    _sqlite3_interrupt
               exported name: sqlite3_interrupt
      126    _sqlite3_key
               exported name: sqlite3_key
      127    _sqlite3_last_insert_rowid
               exported name: sqlite3_last_insert_rowid
      128    _sqlite3_libversion
               exported name: sqlite3_libversion
      129    _sqlite3_libversion_number
               exported name: sqlite3_libversion_number
      130    _sqlite3_limit
               exported name: sqlite3_limit
      131    _sqlite3_load_extension
               exported name: sqlite3_load_extension
      132    _sqlite3_log
               exported name: sqlite3_log
      133    _sqlite3_malloc
               exported name: sqlite3_malloc
      134    _sqlite3_memory_alarm
               exported name: sqlite3_memory_alarm
      135    _sqlite3_memory_highwater
               exported name: sqlite3_memory_highwater
      136    _sqlite3_memory_used
               exported name: sqlite3_memory_used
      137    _sqlite3_mprintf
               exported name: sqlite3_mprintf
      138    _sqlite3_mutex_alloc
               exported name: sqlite3_mutex_alloc
      139    _sqlite3_mutex_enter
               exported name: sqlite3_mutex_enter
      140    _sqlite3_mutex_free
               exported name: sqlite3_mutex_free
      141    _sqlite3_mutex_leave
               exported name: sqlite3_mutex_leave
      142    _sqlite3_mutex_try
               exported name: sqlite3_mutex_try
      143    _sqlite3_next_stmt
               exported name: sqlite3_next_stmt
      144    _sqlite3_open
               exported name: sqlite3_open
      145    _sqlite3_open16
               exported name: sqlite3_open16
      146    _sqlite3_open16_interop@12
      147    _sqlite3_open_interop@12
      148    _sqlite3_open_v2
               exported name: sqlite3_open_v2
      149    _sqlite3_os_end
               exported name: sqlite3_os_end
      150    _sqlite3_os_init
               exported name: sqlite3_os_init
      151    _sqlite3_overload_function
               exported name: sqlite3_overload_function
      152    _sqlite3_prepare
               exported name: sqlite3_prepare
      153    _sqlite3_prepare16
               exported name: sqlite3_prepare16
      154    _sqlite3_prepare16_interop@24
      155    _sqlite3_prepare16_v2
               exported name: sqlite3_prepare16_v2
      156    _sqlite3_prepare_interop@24
      157    _sqlite3_prepare_v2
               exported name: sqlite3_prepare_v2
      158    _sqlite3_profile
               exported name: sqlite3_profile
      159    _sqlite3_progress_handler
               exported name: sqlite3_progress_handler
      160    _sqlite3_randomness
               exported name: sqlite3_randomness
      161    _sqlite3_realloc
               exported name: sqlite3_realloc
      162    _sqlite3_rekey
               exported name: sqlite3_rekey
      163    _sqlite3_release_memory
               exported name: sqlite3_release_memory
      164    _sqlite3_reset
               exported name: sqlite3_reset
      165    _sqlite3_reset_auto_extension
               exported name: sqlite3_reset_auto_extension
      166    _sqlite3_reset_interop@4
      167    _sqlite3_result_blob
               exported name: sqlite3_result_blob
      168    _sqlite3_result_double
               exported name: sqlite3_result_double
      169    _sqlite3_result_double_interop@8
      170    _sqlite3_result_error
               exported name: sqlite3_result_error
      171    _sqlite3_result_error16
               exported name: sqlite3_result_error16
      172    _sqlite3_result_error_code
               exported name: sqlite3_result_error_code
      173    _sqlite3_result_error_nomem
               exported name: sqlite3_result_error_nomem
      174    _sqlite3_result_error_toobig
               exported name: sqlite3_result_error_toobig
      175    _sqlite3_result_int
               exported name: sqlite3_result_int
      176    _sqlite3_result_int64
               exported name: sqlite3_result_int64
      177    _sqlite3_result_int64_interop@8
      178    _sqlite3_result_null
               exported name: sqlite3_result_null
      179    _sqlite3_result_text
               exported name: sqlite3_result_text
      180    _sqlite3_result_text16
               exported name: sqlite3_result_text16
      181    _sqlite3_result_text16be
               exported name: sqlite3_result_text16be
      182    _sqlite3_result_text16le
               exported name: sqlite3_result_text16le
      183    _sqlite3_result_value
               exported name: sqlite3_result_value
      184    _sqlite3_result_zeroblob
               exported name: sqlite3_result_zeroblob
      185    _sqlite3_rollback_hook
               exported name: sqlite3_rollback_hook
      186    _sqlite3_rtree_geometry_callback
               exported name: sqlite3_rtree_geometry_callback
      187    _sqlite3_set_authorizer
               exported name: sqlite3_set_authorizer
      188    _sqlite3_set_auxdata
               exported name: sqlite3_set_auxdata
      189    _sqlite3_shutdown
               exported name: sqlite3_shutdown
      190    _sqlite3_sleep
               exported name: sqlite3_sleep
      191    _sqlite3_snprintf
               exported name: sqlite3_snprintf
      192    _sqlite3_soft_heap_limit
               exported name: sqlite3_soft_heap_limit
      193    _sqlite3_soft_heap_limit64
               exported name: sqlite3_soft_heap_limit64
      194    _sqlite3_sourceid
               exported name: sqlite3_sourceid
      195    _sqlite3_sql
               exported name: sqlite3_sql
      196    _sqlite3_status
               exported name: sqlite3_status
      197    _sqlite3_step
               exported name: sqlite3_step
      198    _sqlite3_stmt_busy
               exported name: sqlite3_stmt_busy
      199    _sqlite3_stmt_readonly
               exported name: sqlite3_stmt_readonly
      200    _sqlite3_stmt_status
               exported name: sqlite3_stmt_status
      201    _sqlite3_stricmp
               exported name: sqlite3_stricmp
      202    _sqlite3_strnicmp
               exported name: sqlite3_strnicmp
      203    _sqlite3_table_column_metadata
               exported name: sqlite3_table_column_metadata
      204    _sqlite3_table_column_metadata_interop@44
      205    _sqlite3_table_cursor@12
      206    _sqlite3_temp_directory
               exported name: sqlite3_temp_directory
      207    _sqlite3_test_control
               exported name: sqlite3_test_control
      208    _sqlite3_thread_cleanup
               exported name: sqlite3_thread_cleanup
      209    _sqlite3_threadsafe
               exported name: sqlite3_threadsafe
      210    _sqlite3_total_changes
               exported name: sqlite3_total_changes
      211    _sqlite3_trace
               exported name: sqlite3_trace
      212    _sqlite3_transfer_bindings
               exported name: sqlite3_transfer_bindings
      213    _sqlite3_update_hook
               exported name: sqlite3_update_hook
      214    _sqlite3_uri_boolean
               exported name: sqlite3_uri_boolean
      215    _sqlite3_uri_int64
               exported name: sqlite3_uri_int64
      216    _sqlite3_uri_parameter
               exported name: sqlite3_uri_parameter
      217    _sqlite3_user_data
               exported name: sqlite3_user_data
      218    _sqlite3_value_blob
               exported name: sqlite3_value_blob
      219    _sqlite3_value_bytes
               exported name: sqlite3_value_bytes
      220    _sqlite3_value_bytes16
               exported name: sqlite3_value_bytes16
      221    _sqlite3_value_double
               exported name: sqlite3_value_double
      222    _sqlite3_value_double_interop@8
      223    _sqlite3_value_int
               exported name: sqlite3_value_int
      224    _sqlite3_value_int64
               exported name: sqlite3_value_int64
      225    _sqlite3_value_int64_interop@8
      226    _sqlite3_value_numeric_type
               exported name: sqlite3_value_numeric_type
      227    _sqlite3_value_text
               exported name: sqlite3_value_text
      228    _sqlite3_value_text16
               exported name: sqlite3_value_text16
      229    _sqlite3_value_text16_interop@8
      230    _sqlite3_value_text16be
               exported name: sqlite3_value_text16be
      231    _sqlite3_value_text16le
               exported name: sqlite3_value_text16le
      232    _sqlite3_value_text_interop@8
      233    _sqlite3_value_type
               exported name: sqlite3_value_type
      234    _sqlite3_version
               exported name: sqlite3_version
      235    _sqlite3_vfs_find
               exported name: sqlite3_vfs_find
      236    _sqlite3_vfs_register
               exported name: sqlite3_vfs_register
      237    _sqlite3_vfs_unregister
               exported name: sqlite3_vfs_unregister
      238    _sqlite3_vmprintf
               exported name: sqlite3_vmprintf
      239    _sqlite3_vsnprintf
               exported name: sqlite3_vsnprintf
      240    _sqlite3_vtab_config
               exported name: sqlite3_vtab_config
      241    _sqlite3_vtab_on_conflict
               exported name: sqlite3_vtab_on_conflict
      242    _sqlite3_wal_autocheckpoint
               exported name: sqlite3_wal_autocheckpoint
      243    _sqlite3_wal_checkpoint
               exported name: sqlite3_wal_checkpoint
      244    _sqlite3_wal_checkpoint_v2
               exported name: sqlite3_wal_checkpoint_v2
      245    _sqlite3_wal_hook
               exported name: sqlite3_wal_hook
      246    _sqlite3_win32_mbcs_to_utf8
               exported name: sqlite3_win32_mbcs_to_utf8
      247    _sqlite3_win32_set_directory
               exported name: sqlite3_win32_set_directory
      248    _sqlite3_win32_sleep
               exported name: sqlite3_win32_sleep
      249    _sqlite3_win32_utf8_to_mbcs
               exported name: sqlite3_win32_utf8_to_mbcs
      250    _sqlite3_win32_write_debug
               exported name: sqlite3_win32_write_debug
